<*GNU-Linker-generated-mapfile*> 
Archive member included to satisfy reference by file (symbol)

C:\Program Files\dSPACE RCPHIL 2020-B\DS1202\Lib/librtversion.a(RtVersion.o)
                              (--whole-archive)
C:\Program Files\dSPACE RCPHIL 2020-B\DS1202\Lib/librtglobals.a(DsEESPort.o)
                              (--whole-archive)
C:\Program Files\dSPACE RCPHIL 2020-B\DS1202\Lib/libm_fastpow.a(w_pow.o)
                              C:\Program Files\dSPACE RCPHIL 2020-B\DS1202\Lib/librt1202.so (pow)
C:\Program Files\dSPACE RCPHIL 2020-B\DS1202\Lib/libm_fastpow.a(e_pow.o)
                              C:\Program Files\dSPACE RCPHIL 2020-B\DS1202\Lib/libm_fastpow.a(w_pow.o) (__ieee754_pow)
C:\Program Files\dSPACE RCPHIL 2020-B\DS1202\Lib/libm_fastpow.a(s_scalbn.o)
                              C:\Program Files\dSPACE RCPHIL 2020-B\DS1202\Lib/libm_fastpow.a(e_pow.o) (scalbn)

As-needed library included to satisfy reference by file (symbol)

libDsRealTimeTestingRP.so.1   rti_sim_engine.o07 (dsrtt_script_service_pre_computation)

Memory Configuration

Name             Origin             Length             Attributes
*default*        0x0000000000000000 0xffffffffffffffff

Linker script and memory map

LOAD C:\ProgramData\dSPACE\A8EFD7E5-F405-47E4-9A8A-DE544031D1F0\Compiler\QNX650_520\target\qnx6/ppcbe/lib/crt1.o
LOAD C:\ProgramData\dSPACE\A8EFD7E5-F405-47E4-9A8A-DE544031D1F0\Compiler\QNX650_520\target\qnx6/ppcbe/lib/crti.o
LOAD c:/programdata/dspace/a8efd7e5-f405-47e4-9a8a-de544031d1f0/compiler/qnx650_520/host/win32/x86/usr/bin/../lib/gcc/powerpc-unknown-nto-qnx6.5.0/5.2.0/crtbegin.o
                0x0000000000000000                _DSPACE_START = 0x0
                0x0000000000000000                _DSPACE_START_ = 0x0
                0x00000000000004b2                DS_TARGET_PLATFORM = 0x4b2
START GROUP
LOAD Sensors_and_actuators_ball_and_plate_2022b.o07
LOAD Sensors_and_actuators_ball_and_plate_2022b_data.o07
LOAD Sensors_and_actuators_ball_and_plate_2022b_trc_ptr.o07
LOAD rt_zcfcn.o07
LOAD rti_sim_engine.o07
LOAD rti_init_c.o07
LOAD rt_sim.o07
LOAD rti_assert.o07
LOAD C:\Program Files\dSPACE RCPHIL 2020-B\DS1202\Lib/librtcan.so
LOAD C:\Program Files\dSPACE RCPHIL 2020-B\DS1202\Lib/librtj1939.so
LOAD C:\Program Files\dSPACE RCPHIL 2020-B\DS1202\Lib/librtser.so
LOAD C:\Program Files\dSPACE RCPHIL 2020-B\DS1202\Lib/librt13xxio.so
LOAD C:\Program Files\dSPACE RCPHIL 2020-B\DS1202\Lib/librt1202.so
LOAD C:\Program Files\dSPACE RCPHIL 2020-B\DS1202\Lib/librtwrap.so
LOAD C:\Program Files\dSPACE RCPHIL 2020-B\DS1202\Lib/librtversion.a
LOAD C:\Program Files\dSPACE RCPHIL 2020-B\DS1202\Lib/librtglobals.a
LOAD C:\Program Files\dSPACE RCPHIL 2020-B\DS1202\Lib/libm_fastpow.a
END GROUP
LOAD C:\Program Files\dSPACE RCPHIL 2020-B\DS1202\Lib/libstdc++.so
LOAD C:\ProgramData\dSPACE\A8EFD7E5-F405-47E4-9A8A-DE544031D1F0\Compiler\QNX650_520\target\qnx6/ppcbe/lib/libm.so
LOAD c:/programdata/dspace/a8efd7e5-f405-47e4-9a8a-de544031d1f0/compiler/qnx650_520/host/win32/x86/usr/bin/../lib/gcc/powerpc-unknown-nto-qnx6.5.0/5.2.0\libgcc.a
LOAD C:\ProgramData\dSPACE\A8EFD7E5-F405-47E4-9A8A-DE544031D1F0\Compiler\QNX650_520\target\qnx6/ppcbe/lib/libc.so
LOAD C:\ProgramData\dSPACE\A8EFD7E5-F405-47E4-9A8A-DE544031D1F0\Compiler\QNX650_520\target\qnx6/ppcbe/lib\libc.a
LOAD c:/programdata/dspace/a8efd7e5-f405-47e4-9a8a-de544031d1f0/compiler/qnx650_520/host/win32/x86/usr/bin/../lib/gcc/powerpc-unknown-nto-qnx6.5.0/5.2.0\libgcc.a
LOAD c:/programdata/dspace/a8efd7e5-f405-47e4-9a8a-de544031d1f0/compiler/qnx650_520/host/win32/x86/usr/bin/../lib/gcc/powerpc-unknown-nto-qnx6.5.0/5.2.0/crtend.o
LOAD C:\ProgramData\dSPACE\A8EFD7E5-F405-47E4-9A8A-DE544031D1F0\Compiler\QNX650_520\target\qnx6/ppcbe/lib/crtn.o
                [!provide]                        PROVIDE (__stack, 0x0)
                [!provide]                        PROVIDE (___stack, 0x0)
                [!provide]                        PROVIDE (__executable_start, 0x48040000)
                0x0000000048040134                . = (0x48040000 + SIZEOF_HEADERS)

.interp         0x0000000048040134       0x14
 *(.interp)
 .interp        0x0000000048040134       0x14 C:\ProgramData\dSPACE\A8EFD7E5-F405-47E4-9A8A-DE544031D1F0\Compiler\QNX650_520\target\qnx6/ppcbe/lib/crt1.o

.note           0x0000000048040150       0x18
 .note          0x0000000048040150       0x18 C:\ProgramData\dSPACE\A8EFD7E5-F405-47E4-9A8A-DE544031D1F0\Compiler\QNX650_520\target\qnx6/ppcbe/lib/crtn.o

.note.gnu.build-id
                0x0000000048040168       0x20
 *(.note.gnu.build-id)
 .note.gnu.build-id
                0x0000000048040168       0x20 C:\ProgramData\dSPACE\A8EFD7E5-F405-47E4-9A8A-DE544031D1F0\Compiler\QNX650_520\target\qnx6/ppcbe/lib/crt1.o

.hash           0x0000000048040188      0x35c
 *(.hash)
 .hash          0x0000000048040188      0x35c C:\ProgramData\dSPACE\A8EFD7E5-F405-47E4-9A8A-DE544031D1F0\Compiler\QNX650_520\target\qnx6/ppcbe/lib/crt1.o

.gnu.hash
 *(.gnu.hash)

.dynsym         0x00000000480404e4      0x740
 *(.dynsym)
 .dynsym        0x00000000480404e4      0x740 C:\ProgramData\dSPACE\A8EFD7E5-F405-47E4-9A8A-DE544031D1F0\Compiler\QNX650_520\target\qnx6/ppcbe/lib/crt1.o

.dynstr         0x0000000048040c24      0x995
 *(.dynstr)
 .dynstr        0x0000000048040c24      0x995 C:\ProgramData\dSPACE\A8EFD7E5-F405-47E4-9A8A-DE544031D1F0\Compiler\QNX650_520\target\qnx6/ppcbe/lib/crt1.o

.gnu.version    0x00000000480415ba        0x0
 *(.gnu.version)
 .gnu.version   0x00000000480415ba        0x0 C:\ProgramData\dSPACE\A8EFD7E5-F405-47E4-9A8A-DE544031D1F0\Compiler\QNX650_520\target\qnx6/ppcbe/lib/crt1.o

.gnu.version_d  0x00000000480415bc        0x0
 *(.gnu.version_d)
 .gnu.version_d
                0x00000000480415bc        0x0 C:\ProgramData\dSPACE\A8EFD7E5-F405-47E4-9A8A-DE544031D1F0\Compiler\QNX650_520\target\qnx6/ppcbe/lib/crt1.o

.gnu.version_r  0x00000000480415bc        0x0
 *(.gnu.version_r)
 .gnu.version_r
                0x00000000480415bc        0x0 C:\ProgramData\dSPACE\A8EFD7E5-F405-47E4-9A8A-DE544031D1F0\Compiler\QNX650_520\target\qnx6/ppcbe/lib/crt1.o

.rel.dyn
 *(.rel.init)
 *(.rel.text .rel.text.* .rel.gnu.linkonce.t.*)
 *(.rel.fini)
 *(.rel.rodata .rel.rodata.* .rel.gnu.linkonce.r.*)
 *(.rel.data.rel.ro* .rel.gnu.linkonce.d.rel.ro.*)
 *(.rel.data .rel.data.* .rel.gnu.linkonce.d.*)
 *(.rel.tdata .rel.tdata.* .rel.gnu.linkonce.td.*)
 *(.rel.tbss .rel.tbss.* .rel.gnu.linkonce.tb.*)
 *(.rel.ctors)
 *(.rel.dtors)
 *(.rel.got)
 *(.rel.sdata .rel.sdata.* .rel.gnu.linkonce.s.*)
 *(.rel.sbss .rel.sbss.* .rel.gnu.linkonce.sb.*)
 *(.rel.sdata2 .rel.sdata2.* .rel.gnu.linkonce.s2.*)
 *(.rel.sbss2 .rel.sbss2.* .rel.gnu.linkonce.sb2.*)
 *(.rel.bss .rel.bss.* .rel.gnu.linkonce.b.*)

.rela.dyn       0x00000000480415bc       0x6c
 *(.rela.init)
 *(.rela.text .rela.text.* .rela.gnu.linkonce.t.*)
 .rela.text     0x00000000480415bc        0x0 C:\ProgramData\dSPACE\A8EFD7E5-F405-47E4-9A8A-DE544031D1F0\Compiler\QNX650_520\target\qnx6/ppcbe/lib/crt1.o
 *(.rela.fini)
 *(.rela.rodata .rela.rodata.* .rela.gnu.linkonce.r.*)
 .rela.rodata   0x00000000480415bc        0x0 C:\ProgramData\dSPACE\A8EFD7E5-F405-47E4-9A8A-DE544031D1F0\Compiler\QNX650_520\target\qnx6/ppcbe/lib/crt1.o
 *(.rela.data .rela.data.* .rela.gnu.linkonce.d.*)
 *(.rela.tdata .rela.tdata.* .rela.gnu.linkonce.td.*)
 *(.rela.tbss .rela.tbss.* .rela.gnu.linkonce.tb.*)
 *(.rela.ctors)
 *(.rela.dtors)
 *(.rela.got)
 .rela.got      0x00000000480415bc       0x48 C:\ProgramData\dSPACE\A8EFD7E5-F405-47E4-9A8A-DE544031D1F0\Compiler\QNX650_520\target\qnx6/ppcbe/lib/crt1.o
 *(.rela.got1)
 *(.rela.got2)
 *(.rela.sdata .rela.sdata.* .rela.gnu.linkonce.s.*)
 *(.rela.sbss .rela.sbss.* .rela.gnu.linkonce.sb.*)
 .rela.sbss     0x0000000048041604        0x0 C:\ProgramData\dSPACE\A8EFD7E5-F405-47E4-9A8A-DE544031D1F0\Compiler\QNX650_520\target\qnx6/ppcbe/lib/crt1.o
 *(.rela.sdata2 .rela.sdata2.* .rela.gnu.linkonce.s2.*)
 *(.rela.sbss2 .rela.sbss2.* .rela.gnu.linkonce.sb2.*)
 *(.rela.bss .rela.bss.* .rela.gnu.linkonce.b.*)
 .rela.bss      0x0000000048041604       0x24 C:\ProgramData\dSPACE\A8EFD7E5-F405-47E4-9A8A-DE544031D1F0\Compiler\QNX650_520\target\qnx6/ppcbe/lib/crt1.o
 .rela.iplt     0x0000000048041628        0x0 C:\ProgramData\dSPACE\A8EFD7E5-F405-47E4-9A8A-DE544031D1F0\Compiler\QNX650_520\target\qnx6/ppcbe/lib/crt1.o

.rel.plt
 *(.rel.plt)

.rela.plt       0x0000000048041628      0x48c
 *(.rela.plt)
 .rela.plt      0x0000000048041628      0x48c C:\ProgramData\dSPACE\A8EFD7E5-F405-47E4-9A8A-DE544031D1F0\Compiler\QNX650_520\target\qnx6/ppcbe/lib/crt1.o

.init           0x0000000048041ab4       0x24
 *(.init)
 .init          0x0000000048041ab4        0xc C:\ProgramData\dSPACE\A8EFD7E5-F405-47E4-9A8A-DE544031D1F0\Compiler\QNX650_520\target\qnx6/ppcbe/lib/crti.o
                0x0000000048041ab4                _init
 .init          0x0000000048041ac0        0x4 c:/programdata/dspace/a8efd7e5-f405-47e4-9a8a-de544031d1f0/compiler/qnx650_520/host/win32/x86/usr/bin/../lib/gcc/powerpc-unknown-nto-qnx6.5.0/5.2.0/crtbegin.o
 .init          0x0000000048041ac4        0x4 c:/programdata/dspace/a8efd7e5-f405-47e4-9a8a-de544031d1f0/compiler/qnx650_520/host/win32/x86/usr/bin/../lib/gcc/powerpc-unknown-nto-qnx6.5.0/5.2.0/crtend.o
 .init          0x0000000048041ac8       0x10 C:\ProgramData\dSPACE\A8EFD7E5-F405-47E4-9A8A-DE544031D1F0\Compiler\QNX650_520\target\qnx6/ppcbe/lib/crtn.o

.text           0x0000000048041ae0     0x468c
                0x0000000048041ae0                _btext = .
 *(.text .stub .text.* .gnu.linkonce.t.*)
 .text          0x0000000048041ae0      0x118 C:\ProgramData\dSPACE\A8EFD7E5-F405-47E4-9A8A-DE544031D1F0\Compiler\QNX650_520\target\qnx6/ppcbe/lib/crt1.o
                0x0000000048041ae0                _start
 .text          0x0000000048041bf8        0x0 C:\ProgramData\dSPACE\A8EFD7E5-F405-47E4-9A8A-DE544031D1F0\Compiler\QNX650_520\target\qnx6/ppcbe/lib/crti.o
 .text          0x0000000048041bf8      0x2b0 c:/programdata/dspace/a8efd7e5-f405-47e4-9a8a-de544031d1f0/compiler/qnx650_520/host/win32/x86/usr/bin/../lib/gcc/powerpc-unknown-nto-qnx6.5.0/5.2.0/crtbegin.o
 *fill*         0x0000000048041ea8        0x8 00000000
 .text          0x0000000048041eb0     0x2190 Sensors_and_actuators_ball_and_plate_2022b.o07
                0x0000000048041eb0                Sensors_and_act_BoundsFunction1
                0x0000000048041ef0                S_Integratorresetdetermination1
                0x0000000048041f30                Sensors_and_actu_MATLABFunction
                0x0000000048041f60                Sensors_a_EnabledSubsystem_Init
                0x0000000048041f70                Sensor_EnabledSubsystem_Disable
                0x0000000048041f90                Sensors__EnabledSubsystem_Start
                0x0000000048041fa0                Sensors_and_ac_EnabledSubsystem
                0x0000000048042020                Sensors__EnabledSubsystem1_Init
                0x0000000048042030                Senso_EnabledSubsystem1_Disable
                0x0000000048042040                Sensors_EnabledSubsystem1_Start
                0x0000000048042050                Sensors_and_a_EnabledSubsystem1
                0x00000000480420d0                Sensors_and_actuators_ball_and_plate_2022b_output
                0x0000000048043a80                Sensors_and_actuators_ball_and_plate_2022b_derivatives
                0x0000000048043bf0                Sensors_and_actuators_ball_and_plate_2022b_update
                0x0000000048043d20                Sensors_and_actuators_ball_and_plate_2022b_initialize
                0x0000000048043f50                Sensors_and_actuators_ball_and_plate_2022b_terminate
 .text          0x0000000048044040        0x0 Sensors_and_actuators_ball_and_plate_2022b_data.o07
 .text          0x0000000048044040      0x2e4 Sensors_and_actuators_ball_and_plate_2022b_trc_ptr.o07
                0x00000000480442f0                Sensors_and_actuators_ball_and_plate_2022b_rti_init_trc_pointers
 *fill*         0x0000000048044324        0xc 00000000
 .text          0x0000000048044330       0xf8 rt_zcfcn.o07
                0x0000000048044330                rt_ZCFcn
 *fill*         0x0000000048044428        0x8 00000000
 .text          0x0000000048044430      0x774 rti_sim_engine.o07
                0x0000000048044b30                rtk_idle_function
                0x0000000048044b40                rti_th_timertask1_trigger_source
                0x0000000048044b90                initConditions
                0x0000000048044ba0                initVariables
 *fill*         0x0000000048044ba4        0xc 00000000
 .text.startup  0x0000000048044bb0      0x9b0 rti_sim_engine.o07
                0x0000000048044bb0                main
 .text          0x0000000048045560       0x40 rti_init_c.o07
                0x0000000048045560                rti_init
 .text          0x00000000480455a0       0x44 rt_sim.o07
                0x00000000480455a0                rt_SimInitTimingEngine
                0x00000000480455d0                rt_SimGetNextSampleHit
                0x00000000480455e0                rt_SimUpdateDiscreteTaskSampleHits
 *fill*         0x00000000480455e4        0xc 00000000
 .text          0x00000000480455f0       0xd4 rti_assert.o07
                0x00000000480455f0                rti_assertion_handler
                0x0000000048045680                rti_assertion_mode_msg
 .text          0x00000000480456c4        0x0 C:\Program Files\dSPACE RCPHIL 2020-B\DS1202\Lib/librtversion.a(RtVersion.o)
 *fill*         0x00000000480456c4        0xc 00000000
 .text          0x00000000480456d0        0x4 C:\Program Files\dSPACE RCPHIL 2020-B\DS1202\Lib/librtglobals.a(DsEESPort.o)
                0x00000000480456d0                DsEesPort_init()
 .text          0x00000000480456d4       0x20 C:\Program Files\dSPACE RCPHIL 2020-B\DS1202\Lib/libm_fastpow.a(w_pow.o)
                0x00000000480456d4                pow
 .text          0x00000000480456f4      0x85c C:\Program Files\dSPACE RCPHIL 2020-B\DS1202\Lib/libm_fastpow.a(e_pow.o)
                0x00000000480456f4                __ieee754_pow
 .text          0x0000000048045f50      0x188 C:\Program Files\dSPACE RCPHIL 2020-B\DS1202\Lib/libm_fastpow.a(s_scalbn.o)
                0x0000000048045f50                scalbn
 .text          0x00000000480460d8       0x94 c:/programdata/dspace/a8efd7e5-f405-47e4-9a8a-de544031d1f0/compiler/qnx650_520/host/win32/x86/usr/bin/../lib/gcc/powerpc-unknown-nto-qnx6.5.0/5.2.0/crtend.o
 .text          0x000000004804616c        0x0 C:\ProgramData\dSPACE\A8EFD7E5-F405-47E4-9A8A-DE544031D1F0\Compiler\QNX650_520\target\qnx6/ppcbe/lib/crtn.o
 *(.gnu.warning)
 *(.glink)
 .glink         0x000000004804616c        0x0 C:\ProgramData\dSPACE\A8EFD7E5-F405-47E4-9A8A-DE544031D1F0\Compiler\QNX650_520\target\qnx6/ppcbe/lib/crt1.o

.fini           0x000000004804616c       0x20
 *(.fini)
 .fini          0x000000004804616c        0xc C:\ProgramData\dSPACE\A8EFD7E5-F405-47E4-9A8A-DE544031D1F0\Compiler\QNX650_520\target\qnx6/ppcbe/lib/crti.o
                0x000000004804616c                _fini
 .fini          0x0000000048046178        0x4 c:/programdata/dspace/a8efd7e5-f405-47e4-9a8a-de544031d1f0/compiler/qnx650_520/host/win32/x86/usr/bin/../lib/gcc/powerpc-unknown-nto-qnx6.5.0/5.2.0/crtbegin.o
 .fini          0x000000004804617c       0x10 C:\ProgramData\dSPACE\A8EFD7E5-F405-47E4-9A8A-DE544031D1F0\Compiler\QNX650_520\target\qnx6/ppcbe/lib/crtn.o
                [!provide]                        PROVIDE (__etext, .)
                0x000000004804618c                PROVIDE (_etext, .)
                [!provide]                        PROVIDE (etext, .)

.rodata         0x0000000048046190      0x5b8
 *(.rodata .rodata.* .gnu.linkonce.r.*)
 .rodata        0x0000000048046190        0x4 Sensors_and_actuators_ball_and_plate_2022b.o07
                0x0000000048046190                Sensors_and_actuators_ball_a_M
 .rodata.cst4   0x0000000048046194       0x14 Sensors_and_actuators_ball_and_plate_2022b.o07
 .rodata.cst8   0x00000000480461a8       0x28 Sensors_and_actuators_ball_and_plate_2022b.o07
 .rodata.str1.4
                0x00000000480461d0        0x5 Sensors_and_actuators_ball_and_plate_2022b.o07
 *fill*         0x00000000480461d5        0x3 
 .rodata        0x00000000480461d8       0x13 rt_zcfcn.o07
 .rodata.cst4   0x00000000480461eb        0x4 rt_zcfcn.o07
 *fill*         0x00000000480461eb        0x1 
 .rodata        0x00000000480461ec        0xc rti_sim_engine.o07
                0x00000000480461ec                rtiDataSetStorageEnabled
                0x00000000480461f0                p_dsts_sum_of_reset_time
                0x00000000480461f4                p_msg_last_error_no
 .rodata.cst4   0x00000000480461f8        0x4 rti_sim_engine.o07
                                          0x8 (size before relaxing)
 .rodata.cst8   0x00000000480461fc        0x8 rti_sim_engine.o07
 .rodata.str1.4
                0x00000000480461fc      0x314 rti_sim_engine.o07
 .rodata.cst4   0x0000000048046510        0x4 rt_sim.o07
                                          0x8 (size before relaxing)
 .rodata.str1.4
                0x0000000048046514       0x71 rt_sim.o07
 *fill*         0x0000000048046585        0x3 
 .rodata.str1.4
                0x0000000048046588       0x70 rti_assert.o07
                                         0x6d (size before relaxing)
 .rodata        0x00000000480465f8       0x30 C:\Program Files\dSPACE RCPHIL 2020-B\DS1202\Lib/libm_fastpow.a(e_pow.o)
 .rodata.cst4   0x0000000048046628        0x8 C:\Program Files\dSPACE RCPHIL 2020-B\DS1202\Lib/libm_fastpow.a(e_pow.o)
 .rodata.cst8   0x0000000048046630       0xe8 C:\Program Files\dSPACE RCPHIL 2020-B\DS1202\Lib/libm_fastpow.a(e_pow.o)
 .rodata.cst8   0x0000000048046718       0x30 C:\Program Files\dSPACE RCPHIL 2020-B\DS1202\Lib/libm_fastpow.a(s_scalbn.o)

.rodata1
 *(.rodata1)

.sdata2         0x0000000048046748        0x0
                0x0000000000008000                PROVIDE (_SDA2_BASE_, 0x8000)
 *(.sdata2 .sdata2.* .gnu.linkonce.s2.*)
 .sdata2        0x0000000048046748        0x0 C:\ProgramData\dSPACE\A8EFD7E5-F405-47E4-9A8A-DE544031D1F0\Compiler\QNX650_520\target\qnx6/ppcbe/lib/crt1.o

.sbss2
 *(.sbss2 .sbss2.* .gnu.linkonce.sb2.*)

.eh_frame_hdr   0x0000000048046748       0x14
 *(.eh_frame_hdr)
 .eh_frame_hdr  0x0000000048046748       0x14 C:\Program Files\dSPACE RCPHIL 2020-B\DS1202\Lib/librtglobals.a(DsEESPort.o)

.eh_frame       0x000000004804675c       0x2c
 *(.eh_frame)
 .eh_frame      0x000000004804675c        0x0 C:\ProgramData\dSPACE\A8EFD7E5-F405-47E4-9A8A-DE544031D1F0\Compiler\QNX650_520\target\qnx6/ppcbe/lib/crt1.o
 .eh_frame      0x000000004804675c        0x0 c:/programdata/dspace/a8efd7e5-f405-47e4-9a8a-de544031d1f0/compiler/qnx650_520/host/win32/x86/usr/bin/../lib/gcc/powerpc-unknown-nto-qnx6.5.0/5.2.0/crtbegin.o
 .eh_frame      0x000000004804675c       0x28 C:\Program Files\dSPACE RCPHIL 2020-B\DS1202\Lib/librtglobals.a(DsEESPort.o)
 .eh_frame      0x0000000048046784        0x4 c:/programdata/dspace/a8efd7e5-f405-47e4-9a8a-de544031d1f0/compiler/qnx650_520/host/win32/x86/usr/bin/../lib/gcc/powerpc-unknown-nto-qnx6.5.0/5.2.0/crtend.o

.gcc_except_table
 *(.gcc_except_table .gcc_except_table.*)
                0x0000000048046788                . = (ALIGN (0x1000) - ((0x1000 - .) & 0xfff))
                0x0000000048047788                . = DATA_SEGMENT_ALIGN (0x1000, 0x1000)

.eh_frame
 *(.eh_frame)

.gcc_except_table
 *(.gcc_except_table .gcc_except_table.*)

.tdata
 *(.tdata .tdata.* .gnu.linkonce.td.*)

.tbss
 *(.tbss .tbss.* .gnu.linkonce.tb.*)
 *(.tcommon)

.preinit_array  0x0000000048047788        0x0
                0x0000000048047788                PROVIDE (__preinit_array_start, .)
 *(.preinit_array)
                0x0000000048047788                PROVIDE (__preinit_array_end, .)

.init_array     0x0000000048047788        0x0
                0x0000000048047788                PROVIDE (__init_array_start, .)
 *(SORT(.init_array.*))
 *(.init_array)
                0x0000000048047788                PROVIDE (__init_array_end, .)

.fini_array     0x0000000048047788        0x0
                0x0000000048047788                PROVIDE (__fini_array_start, .)
 *(.fini_array)
 *(SORT(.fini_array.*))
                0x0000000048047788                PROVIDE (__fini_array_end, .)

.ctors          0x0000000048047788        0x8
 *crtbegin.o(.ctors)
 .ctors         0x0000000048047788        0x4 c:/programdata/dspace/a8efd7e5-f405-47e4-9a8a-de544031d1f0/compiler/qnx650_520/host/win32/x86/usr/bin/../lib/gcc/powerpc-unknown-nto-qnx6.5.0/5.2.0/crtbegin.o
 *crtbegin?.o(.ctors)
 *(EXCLUDE_FILE(*crtend?.o *crtend.o) .ctors)
 *(SORT(.ctors.*))
 *(.ctors)
 .ctors         0x000000004804778c        0x4 c:/programdata/dspace/a8efd7e5-f405-47e4-9a8a-de544031d1f0/compiler/qnx650_520/host/win32/x86/usr/bin/../lib/gcc/powerpc-unknown-nto-qnx6.5.0/5.2.0/crtend.o

.dtors          0x0000000048047790        0x8
 *crtbegin.o(.dtors)
 .dtors         0x0000000048047790        0x4 c:/programdata/dspace/a8efd7e5-f405-47e4-9a8a-de544031d1f0/compiler/qnx650_520/host/win32/x86/usr/bin/../lib/gcc/powerpc-unknown-nto-qnx6.5.0/5.2.0/crtbegin.o
 *crtbegin?.o(.dtors)
 *(EXCLUDE_FILE(*crtend?.o *crtend.o) .dtors)
 *(SORT(.dtors.*))
 *(.dtors)
 .dtors         0x0000000048047794        0x4 c:/programdata/dspace/a8efd7e5-f405-47e4-9a8a-de544031d1f0/compiler/qnx650_520/host/win32/x86/usr/bin/../lib/gcc/powerpc-unknown-nto-qnx6.5.0/5.2.0/crtend.o
                0x0000000048047794                __DTOR_END__

.jcr            0x0000000048047798        0x4
 *(.jcr)
 .jcr           0x0000000048047798        0x0 c:/programdata/dspace/a8efd7e5-f405-47e4-9a8a-de544031d1f0/compiler/qnx650_520/host/win32/x86/usr/bin/../lib/gcc/powerpc-unknown-nto-qnx6.5.0/5.2.0/crtbegin.o
 .jcr           0x0000000048047798        0x4 c:/programdata/dspace/a8efd7e5-f405-47e4-9a8a-de544031d1f0/compiler/qnx650_520/host/win32/x86/usr/bin/../lib/gcc/powerpc-unknown-nto-qnx6.5.0/5.2.0/crtend.o

.data.rel.ro
 *(.data.rel.ro.local* .gnu.linkonce.d.rel.ro.local.*)
 *(.data.rel.ro* .gnu.linkonce.d.rel.ro.*)

.fixup
 *(.fixup)

.got1
 *(.got1)

.got2
 *(.got2)

.dynamic        0x000000004804779c      0x100
 *(.dynamic)
 .dynamic       0x000000004804779c      0x100 C:\ProgramData\dSPACE\A8EFD7E5-F405-47E4-9A8A-DE544031D1F0\Compiler\QNX650_520\target\qnx6/ppcbe/lib/crt1.o
                0x000000004804779c                _DYNAMIC

.got
 *(.got)
                0x000000004804789c                . = DATA_SEGMENT_RELRO_END (., 0x0)

.plt
 *(.plt)

.data           0x00000000480478a0      0x3a0
 *(.data .data.* .gnu.linkonce.d.*)
 .data          0x00000000480478a0        0x0 C:\ProgramData\dSPACE\A8EFD7E5-F405-47E4-9A8A-DE544031D1F0\Compiler\QNX650_520\target\qnx6/ppcbe/lib/crt1.o
 .data          0x00000000480478a0        0x0 C:\ProgramData\dSPACE\A8EFD7E5-F405-47E4-9A8A-DE544031D1F0\Compiler\QNX650_520\target\qnx6/ppcbe/lib/crti.o
 .data          0x00000000480478a0        0x0 c:/programdata/dspace/a8efd7e5-f405-47e4-9a8a-de544031d1f0/compiler/qnx650_520/host/win32/x86/usr/bin/../lib/gcc/powerpc-unknown-nto-qnx6.5.0/5.2.0/crtbegin.o
 .data.rel.local
                0x00000000480478a0        0x4 c:/programdata/dspace/a8efd7e5-f405-47e4-9a8a-de544031d1f0/compiler/qnx650_520/host/win32/x86/usr/bin/../lib/gcc/powerpc-unknown-nto-qnx6.5.0/5.2.0/crtbegin.o
                0x00000000480478a0                __dso_handle
 .data          0x00000000480478a4        0x0 Sensors_and_actuators_ball_and_plate_2022b.o07
 *fill*         0x00000000480478a4        0x4 
 .data          0x00000000480478a8      0x378 Sensors_and_actuators_ball_and_plate_2022b_data.o07
                0x00000000480478a8                Sensors_and_actuators_ball_an_P
 .data          0x0000000048047c20        0x0 Sensors_and_actuators_ball_and_plate_2022b_trc_ptr.o07
 .data          0x0000000048047c20        0x0 rt_zcfcn.o07
 .data          0x0000000048047c20       0x14 rti_sim_engine.o07
                0x0000000048047c20                simState
                0x0000000048047c30                lastSimState
 .data          0x0000000048047c34        0x0 rti_init_c.o07
 .data          0x0000000048047c34        0x0 rt_sim.o07
 .data          0x0000000048047c34        0x0 rti_assert.o07
 .data          0x0000000048047c34        0x0 C:\Program Files\dSPACE RCPHIL 2020-B\DS1202\Lib/librtversion.a(RtVersion.o)
 .data          0x0000000048047c34        0x0 C:\Program Files\dSPACE RCPHIL 2020-B\DS1202\Lib/librtglobals.a(DsEESPort.o)
 .data.rel      0x0000000048047c34        0xc C:\Program Files\dSPACE RCPHIL 2020-B\DS1202\Lib/librtglobals.a(DsEESPort.o)
                0x0000000048047c34                p_xilapi_eesport_errorswitching_uint32_T
                0x0000000048047c38                p_xilapi_eesport_erroractivated_uint32_T
                0x0000000048047c3c                p_xilapi_eesport_activeerrorset_uint32_T
 .data          0x0000000048047c40        0x0 C:\Program Files\dSPACE RCPHIL 2020-B\DS1202\Lib/libm_fastpow.a(w_pow.o)
 .data          0x0000000048047c40        0x0 C:\Program Files\dSPACE RCPHIL 2020-B\DS1202\Lib/libm_fastpow.a(e_pow.o)
 .data          0x0000000048047c40        0x0 C:\Program Files\dSPACE RCPHIL 2020-B\DS1202\Lib/libm_fastpow.a(s_scalbn.o)
 .data          0x0000000048047c40        0x0 c:/programdata/dspace/a8efd7e5-f405-47e4-9a8a-de544031d1f0/compiler/qnx650_520/host/win32/x86/usr/bin/../lib/gcc/powerpc-unknown-nto-qnx6.5.0/5.2.0/crtend.o
 .data          0x0000000048047c40        0x0 C:\ProgramData\dSPACE\A8EFD7E5-F405-47E4-9A8A-DE544031D1F0\Compiler\QNX650_520\target\qnx6/ppcbe/lib/crtn.o

.tm_clone_table
                0x0000000048047c40        0x0
 .tm_clone_table
                0x0000000048047c40        0x0 c:/programdata/dspace/a8efd7e5-f405-47e4-9a8a-de544031d1f0/compiler/qnx650_520/host/win32/x86/usr/bin/../lib/gcc/powerpc-unknown-nto-qnx6.5.0/5.2.0/crtbegin.o
 .tm_clone_table
                0x0000000048047c40        0x0 c:/programdata/dspace/a8efd7e5-f405-47e4-9a8a-de544031d1f0/compiler/qnx650_520/host/win32/x86/usr/bin/../lib/gcc/powerpc-unknown-nto-qnx6.5.0/5.2.0/crtend.o

.data1
 *(.data1)

.got            0x0000000048047c40       0x54
 *(.got)
 .got           0x0000000048047c40       0x54 C:\ProgramData\dSPACE\A8EFD7E5-F405-47E4-9A8A-DE544031D1F0\Compiler\QNX650_520\target\qnx6/ppcbe/lib/crt1.o
                0x0000000048047c88                _GLOBAL_OFFSET_TABLE_

.sdata          0x0000000048047c94        0x0
                0x0000000000008000                PROVIDE (_SDA_BASE_, 0x8000)
 *(.sdata .sdata.* .gnu.linkonce.s.*)
 .sdata         0x0000000048047c94        0x0 C:\ProgramData\dSPACE\A8EFD7E5-F405-47E4-9A8A-DE544031D1F0\Compiler\QNX650_520\target\qnx6/ppcbe/lib/crt1.o
                0x0000000048047c94                _edata = .
                [!provide]                        PROVIDE (edata, .)
                0x0000000048047c94                __bss_start = .

.sbss           0x0000000048047c94        0x0
                [!provide]                        PROVIDE (__sbss_start, .)
                [!provide]                        PROVIDE (___sbss_start, .)
 *(.dynsbss)
 .dynsbss       0x0000000048047c94        0x0 C:\ProgramData\dSPACE\A8EFD7E5-F405-47E4-9A8A-DE544031D1F0\Compiler\QNX650_520\target\qnx6/ppcbe/lib/crt1.o
 *(.sbss .sbss.* .gnu.linkonce.sb.*)
 *(.scommon)
                [!provide]                        PROVIDE (__sbss_end, .)
                [!provide]                        PROVIDE (___sbss_end, .)

.plt            0x0000000048047c94      0x4d4
 *(.plt)
 .plt           0x0000000048047c94      0x4d4 C:\ProgramData\dSPACE\A8EFD7E5-F405-47E4-9A8A-DE544031D1F0\Compiler\QNX650_520\target\qnx6/ppcbe/lib/crt1.o
                0x0000000048047cdc                DsIoEth_getLinkState
                0x0000000048047ce4                ts_reset
                0x0000000048047cec                __register_frame_info
                0x0000000048047cf4                DioCl2EncoderIn_create
                0x0000000048047cfc                msg_error_clear
                0x0000000048047d04                dsrtt_set_current_time
                0x0000000048047d0c                sqrt
                0x0000000048047d14                DsIoEth_recvfrom
                0x0000000048047d1c                DioCl2EncoderIn_read
                0x0000000048047d24                rtk_current_task_absolute_time_ptr_get
                0x0000000048047d2c                DsTimeSync_simstateRun
                0x0000000048047d34                DacCl1AnalogOut_create
                0x0000000048047d3c                DioCl2EncoderIn_setEncPosition
                0x0000000048047d44                DioCl2EncoderIn_stop
                0x0000000048047d4c                rtk_setup_temp_overrun_handling
                0x0000000048047d54                DsIoEth_close
                0x0000000048047d5c                DsIoEth_open
                0x0000000048047d64                DsIoEth_setAddrFilter
                0x0000000048047d6c                DioCl2EncoderIn_setIndexMode
                0x0000000048047d74                DsIoEth_setNetMask
                0x0000000048047d7c                SrtkIntBase_requestTaskMode
                0x0000000048047d84                rtk_reset_tasks
                0x0000000048047d8c                __cxa_finalize
                0x0000000048047d94                _init_array
                0x0000000048047d9c                rtk_set_task_type
                0x0000000048047da4                DsTimeSync_baserate
                0x0000000048047dac                rtk_task_name_set
                0x0000000048047db4                DioCl2EncoderIn_write
                0x0000000048047dbc                DacCl1AnalogOut_apply
                0x0000000048047dc4                dsrtt_script_service_post_computation
                0x0000000048047dcc                rtk_create_task
                0x0000000048047dd4                msg_warning_printf
                0x0000000048047ddc                msg_last_error_number
                0x0000000048047de4                DioCl2EncoderIn_start
                0x0000000048047dec                dsparam_copy_data_set
                0x0000000048047df4                SrtkPreload_preloadRegion
                0x0000000048047dfc                msg_error_set
                0x0000000048047e04                rtk_enable_services
                0x0000000048047e0c                SrtkDaq_Init
                0x0000000048047e14                rtk_task_task_calls_get
                0x0000000048047e1c                DsTimeSync_setCurrentTimePtr
                0x0000000048047e24                SrtkIntBase_enableIntGlobal
                0x0000000048047e2c                DsIoEth_getIpAddress
                0x0000000048047e34                DacCl1AnalogOut_write
                0x0000000048047e3c                rtk_overrun_flag_clear
                0x0000000048047e44                rtk_bind_interrupt
                0x0000000048047e4c                DacCl1AnalogOut_stop
                0x0000000048047e54                _init_libc
                0x0000000048047e5c                DioCl2EncoderIn_setGatedMode
                0x0000000048047e64                dsrtt_init
                0x0000000048047e6c                SrtkApp_terminate
                0x0000000048047e74                DioCl2EncoderIn_setMaxPosition
                0x0000000048047e7c                DioCl2EncoderIn_setMinPosition
                0x0000000048047e84                msg_info_set
                0x0000000048047e8c                DsIoEth_setIpAddress
                0x0000000048047e94                dsrtt_script_service_pre_computation
                0x0000000048047e9c                DacCl1AnalogOut_start
                0x0000000048047ea4                msg_error_printf
                0x0000000048047eac                DsIoEth_setGatewayAddress
                0x0000000048047eb4                DioCl2EncoderIn_setEncPosValidity
                0x0000000048047ebc                memset
                0x0000000048047ec4                _Sin
                0x0000000048047ecc                DioCl2EncoderIn_getEncPosition
                0x0000000048047ed4                rtk_leave_idle_mode
                0x0000000048047edc                __wrap_exit
                0x0000000048047ee4                __wrap_atexit
                0x0000000048047eec                DioCl2EncoderIn_setMeasurementInterval
                0x0000000048047ef4                DacCl1AnalogOut_setOutputValue
                0x0000000048047efc                _fini_array
                0x0000000048047f04                SrtkDaq_Background
                0x0000000048047f0c                _preinit_array
                0x0000000048047f14                SrtkApp_init
                0x0000000048047f1c                SrtkDaq_Service
                0x0000000048047f24                rtk_task_task_name_get
                0x0000000048047f2c                SrtkSim_notifyStateTransition
                0x0000000048047f34                DioCl2EncoderIn_apply
                0x0000000048047f3c                DioCl2EncoderIn_getEncVelocity
                0x0000000048047f44                msg_set
                0x0000000048047f4c                DsIoEth_ntohs
                0x0000000048047f54                DsIoEth_getPortState
                0x0000000048047f5c                rtk_get_subentry
                0x0000000048047f64                DsIoEth_htons
                0x0000000048047f6c                dsrtt_set_step_size
                0x0000000048047f74                rtk_enter_idle_mode
                0x0000000048047f7c                rtk_initialize
                0x0000000048047f84                DacCl1AnalogOut_setOutputHighZ
                0x0000000048047f8c                DsIoEth_create
                0x0000000048047f94                DsIoEth_getMgmtEvent
                0x0000000048047f9c                DioCl2EncoderIn_setEncoderLines
                0x0000000048047fa4                SrtkApp_background
                0x0000000048047fac                rtk_default_overrun_fcn
                0x0000000048047fb4                vcm_module_register
                0x0000000048047fbc                DsTimeSync_simstateStop
                0x0000000048047fc4                DsIoEth_setRecvFrameSize
                0x0000000048047fcc                SrtkIntBase_disableIntGlobal
                0x0000000048047fd4                SrtkSim_registerState
                0x0000000048047fdc                __deregister_frame_info

.bss            0x0000000048048168      0x7a4
 *(.dynbss)
 .dynbss        0x0000000048048168       0x14 C:\ProgramData\dSPACE\A8EFD7E5-F405-47E4-9A8A-DE544031D1F0\Compiler\QNX650_520\target\qnx6/ppcbe/lib/crt1.o
                0x0000000048048168                errno
                0x0000000048048170                dsts_sum_of_reseted_time
                0x0000000048048178                msg_last_error_no
 *(.bss .bss.* .gnu.linkonce.b.*)
 .bss           0x000000004804817c        0x0 C:\ProgramData\dSPACE\A8EFD7E5-F405-47E4-9A8A-DE544031D1F0\Compiler\QNX650_520\target\qnx6/ppcbe/lib/crt1.o
 .bss           0x000000004804817c        0x0 C:\ProgramData\dSPACE\A8EFD7E5-F405-47E4-9A8A-DE544031D1F0\Compiler\QNX650_520\target\qnx6/ppcbe/lib/crti.o
 .bss           0x000000004804817c       0x20 c:/programdata/dspace/a8efd7e5-f405-47e4-9a8a-de544031d1f0/compiler/qnx650_520/host/win32/x86/usr/bin/../lib/gcc/powerpc-unknown-nto-qnx6.5.0/5.2.0/crtbegin.o
 *fill*         0x000000004804819c        0x4 
 .bss           0x00000000480481a0      0x658 Sensors_and_actuators_ball_and_plate_2022b.o07
                0x0000000048048378                Sensors_and_actuators_ball_an_B
                0x00000000480486f8                Sensors_and_actuators_ball_an_Y
                0x0000000048048750                Sensors_and_actuators_b_PrevZCX
                0x0000000048048760                Sensors_and_actuators_ball_a_DW
                0x0000000048048790                Sensors_and_actuators_ball_an_X
 .bss           0x00000000480487f8        0x0 Sensors_and_actuators_ball_and_plate_2022b_data.o07
 .bss           0x00000000480487f8       0xa4 Sensors_and_actuators_ball_and_plate_2022b_trc_ptr.o07
                0x00000000480487f8                p_0_Sensors_and_actuators_ball_and_plate_2022b_real_T_0
                0x00000000480487fc                p_0_Sensors_and_actuators_ball_and_plate_2022b_uint32_T_1
                0x0000000048048800                p_0_Sensors_and_actuators_ball_and_plate_2022b_uint16_T_2
                0x0000000048048804                p_0_Sensors_and_actuators_ball_and_plate_2022b_uint8_T_3
                0x0000000048048808                p_0_Sensors_and_actuators_ball_and_plate_2022b_boolean_T_4
                0x000000004804880c                p_0_Sensors_and_actuators_ball_and_plate_2022b_real_T_5
                0x0000000048048810                p_0_Sensors_and_actuators_ball_and_plate_2022b_real_T_6
                0x0000000048048814                p_0_Sensors_and_actuators_ball_and_plate_2022b_real_T_7
                0x0000000048048818                p_0_Sensors_and_actuators_ball_and_plate_2022b_real_T_8
                0x000000004804881c                p_0_Sensors_and_actuators_ball_and_plate_2022b_real_T_9
                0x0000000048048820                p_0_Sensors_and_actuators_ball_and_plate_2022b_real_T_10
                0x0000000048048824                p_0_Sensors_and_actuators_ball_and_plate_2022b_boolean_T_11
                0x0000000048048828                p_0_Sensors_and_actuators_ball_and_plate_2022b_boolean_T_12
                0x000000004804882c                p_0_Sensors_and_actuators_ball_and_plate_2022b_boolean_T_13
                0x0000000048048830                p_0_Sensors_and_actuators_ball_and_plate_2022b_real_T_14
                0x0000000048048834                p_0_Sensors_and_actuators_ball_and_plate_2022b_real_T_15
                0x0000000048048838                p_0_Sensors_and_actuators_ball_and_plate_2022b_real_T_16
                0x000000004804883c                p_0_Sensors_and_actuators_ball_and_plate_2022b_boolean_T_17
                0x0000000048048840                p_0_Sensors_and_actuators_ball_and_plate_2022b_boolean_T_18
                0x0000000048048844                p_0_Sensors_and_actuators_ball_and_plate_2022b_boolean_T_19
                0x0000000048048848                p_1_Sensors_and_actuators_ball_and_plate_2022b_real_T_0
                0x000000004804884c                p_1_Sensors_and_actuators_ball_and_plate_2022b_uint8_T_1
                0x0000000048048850                p_1_Sensors_and_actuators_ball_and_plate_2022b_real_T_2
                0x0000000048048854                p_1_Sensors_and_actuators_ball_and_plate_2022b_real_T_3
                0x0000000048048858                p_1_Sensors_and_actuators_ball_and_plate_2022b_real_T_4
                0x000000004804885c                p_1_Sensors_and_actuators_ball_and_plate_2022b_real_T_5
                0x0000000048048860                p_1_Sensors_and_actuators_ball_and_plate_2022b_real_T_6
                0x0000000048048864                p_1_Sensors_and_actuators_ball_and_plate_2022b_real_T_7
                0x0000000048048868                p_2_Sensors_and_actuators_ball_and_plate_2022b_real_T_0
                0x000000004804886c                p_2_Sensors_and_actuators_ball_and_plate_2022b_uint32_T_1
                0x0000000048048870                p_2_Sensors_and_actuators_ball_and_plate_2022b_uint16_T_2
                0x0000000048048874                p_2_Sensors_and_actuators_ball_and_plate_2022b_boolean_T_3
                0x0000000048048878                p_2_Sensors_and_actuators_ball_and_plate_2022b_boolean_T_4
                0x000000004804887c                p_2_Sensors_and_actuators_ball_and_plate_2022b_boolean_T_5
                0x0000000048048880                p_2_Sensors_and_actuators_ball_and_plate_2022b_boolean_T_6
                0x0000000048048884                p_2_Sensors_and_actuators_ball_and_plate_2022b_boolean_T_7
                0x0000000048048888                p_2_Sensors_and_actuators_ball_and_plate_2022b_boolean_T_8
                0x000000004804888c                p_3_Sensors_and_actuators_ball_and_plate_2022b_real_T_0
                0x0000000048048890                p_5_Sensors_and_actuators_ball_and_plate_2022b_uint16_T_0
                0x0000000048048894                p_5_Sensors_and_actuators_ball_and_plate_2022b_uint32_T_1
                0x0000000048048898                p_5_Sensors_and_actuators_ball_and_plate_2022b_real_T_2
 .bss           0x000000004804889c        0x0 rt_zcfcn.o07
 *fill*         0x000000004804889c        0x4 
 .bss           0x00000000480488a0       0x54 rti_sim_engine.o07
                0x00000000480488a0                currentTime
                0x00000000480488a4                finalTime
                0x00000000480488a8                modelStepSize
                0x00000000480488b0                pRTIDacC1AnalogOut_Ch_1
                0x00000000480488b4                pRTIDacC1AnalogOut_Ch_2
                0x00000000480488b8                pRTIDacC1AnalogOut_Ch_3
                0x00000000480488bc                pRTIEmcEncoder_Unit_1_DioCl_2_Port_1_Ch1
                0x00000000480488c0                pRTIEmcEncoder_Unit_2_DioCl_2_Port_1_Ch3
                0x00000000480488c4                pRTIEmcEncoder_Unit_3_DioCl_2_Port_1_Ch5
                0x00000000480488c8                taskMode
                0x00000000480488cc                pRti_TIMERA_STime
                0x00000000480488d0                pRti_TIMERA_TTime
                0x00000000480488d4                pRti_TIMERA_TState
                0x00000000480488d8                pRti_TIMERA_OType
                0x00000000480488dc                pRti_TIMERA_OMax
                0x00000000480488e0                pRti_TIMERA_ORpt
                0x00000000480488e4                pRti_TIMERA_OCnt
                0x00000000480488e8                pRti_TIMERA_TCnt
                0x00000000480488ec                pRti_TIMERA_Prio
                0x00000000480488f0                rtiAssertionMode
 .bss           0x00000000480488f4        0x4 rti_init_c.o07
 .bss           0x00000000480488f8        0x0 rt_sim.o07
 .bss           0x00000000480488f8        0x0 rti_assert.o07
 .bss           0x00000000480488f8        0x0 C:\Program Files\dSPACE RCPHIL 2020-B\DS1202\Lib/librtversion.a(RtVersion.o)
 .bss           0x00000000480488f8       0x14 C:\Program Files\dSPACE RCPHIL 2020-B\DS1202\Lib/librtglobals.a(DsEESPort.o)
                0x00000000480488f8                xilapi_eesport_trigger_uint32_T
                0x00000000480488fc                xilapi_eesport_flags_uint32_T
                0x0000000048048900                xilapi_eesport_errorswitching_uint32_T
                0x0000000048048904                xilapi_eesport_erroractivated_uint32_T
                0x0000000048048908                xilapi_eesport_activeerrorset_uint32_T
 .bss           0x000000004804890c        0x0 C:\Program Files\dSPACE RCPHIL 2020-B\DS1202\Lib/libm_fastpow.a(w_pow.o)
 .bss           0x000000004804890c        0x0 C:\Program Files\dSPACE RCPHIL 2020-B\DS1202\Lib/libm_fastpow.a(e_pow.o)
 .bss           0x000000004804890c        0x0 C:\Program Files\dSPACE RCPHIL 2020-B\DS1202\Lib/libm_fastpow.a(s_scalbn.o)
 .bss           0x000000004804890c        0x0 c:/programdata/dspace/a8efd7e5-f405-47e4-9a8a-de544031d1f0/compiler/qnx650_520/host/win32/x86/usr/bin/../lib/gcc/powerpc-unknown-nto-qnx6.5.0/5.2.0/crtend.o
 .bss           0x000000004804890c        0x0 C:\ProgramData\dSPACE\A8EFD7E5-F405-47E4-9A8A-DE544031D1F0\Compiler\QNX650_520\target\qnx6/ppcbe/lib/crtn.o
 *(COMMON)
                0x000000004804890c                . = ALIGN ((. != 0x0)?0x4:0x1)

.iplt           0x0000000048048910        0x0
 .iplt          0x0000000048048910        0x0 C:\ProgramData\dSPACE\A8EFD7E5-F405-47E4-9A8A-DE544031D1F0\Compiler\QNX650_520\target\qnx6/ppcbe/lib/crt1.o
                0x0000000048048910                . = ALIGN (0x4)
                0x0000000048048910                . = ALIGN (0x4)
                0x0000000048048910                __end = .
                0x0000000048048910                _end = .
                [!provide]                        PROVIDE (end, .)
                0x0000000048048910                . = DATA_SEGMENT_END (.)

.stab
 *(.stab)

.stabstr
 *(.stabstr)

.stab.excl
 *(.stab.excl)

.stab.exclstr
 *(.stab.exclstr)

.stab.index
 *(.stab.index)

.stab.indexstr
 *(.stab.indexstr)

.comment        0x0000000000000000       0x47
 *(.comment)
 .comment       0x0000000000000000       0x11 c:/programdata/dspace/a8efd7e5-f405-47e4-9a8a-de544031d1f0/compiler/qnx650_520/host/win32/x86/usr/bin/../lib/gcc/powerpc-unknown-nto-qnx6.5.0/5.2.0/crtbegin.o
                                         0x12 (size before relaxing)
 .comment       0x0000000000000011       0x12 Sensors_and_actuators_ball_and_plate_2022b.o07
 .comment       0x0000000000000011       0x12 Sensors_and_actuators_ball_and_plate_2022b_data.o07
 .comment       0x0000000000000011       0x12 Sensors_and_actuators_ball_and_plate_2022b_trc_ptr.o07
 .comment       0x0000000000000011       0x12 rt_zcfcn.o07
 .comment       0x0000000000000011       0x12 rti_sim_engine.o07
 .comment       0x0000000000000011       0x12 rti_init_c.o07
 .comment       0x0000000000000011       0x12 rt_sim.o07
 .comment       0x0000000000000011       0x12 rti_assert.o07
 .comment       0x0000000000000011       0x12 C:\Program Files\dSPACE RCPHIL 2020-B\DS1202\Lib/librtversion.a(RtVersion.o)
 .comment       0x0000000000000011       0x12 C:\Program Files\dSPACE RCPHIL 2020-B\DS1202\Lib/librtglobals.a(DsEESPort.o)
 .comment       0x0000000000000011       0x12 C:\Program Files\dSPACE RCPHIL 2020-B\DS1202\Lib/libm_fastpow.a(w_pow.o)
 .comment       0x0000000000000023       0x12 C:\Program Files\dSPACE RCPHIL 2020-B\DS1202\Lib/libm_fastpow.a(e_pow.o)
 .comment       0x0000000000000035       0x12 C:\Program Files\dSPACE RCPHIL 2020-B\DS1202\Lib/libm_fastpow.a(s_scalbn.o)
 .comment       0x0000000000000047       0x12 c:/programdata/dspace/a8efd7e5-f405-47e4-9a8a-de544031d1f0/compiler/qnx650_520/host/win32/x86/usr/bin/../lib/gcc/powerpc-unknown-nto-qnx6.5.0/5.2.0/crtend.o

.PPC.EMB.apuinfo
                0x0000000000000000       0x18
 .PPC.EMB.apuinfo
                0x0000000000000000       0x18 Sensors_and_actuators_ball_and_plate_2022b.o07
 .PPC.EMB.apuinfo
                0x0000000000000018       0x18 rt_zcfcn.o07
 .PPC.EMB.apuinfo
                0x0000000000000030       0x18 rti_sim_engine.o07

.debug
 *(.debug)

.line
 *(.line)

.debug_srcinfo
 *(.debug_srcinfo)

.debug_sfnames
 *(.debug_sfnames)

.debug_aranges
 *(.debug_aranges)

.debug_pubnames
 *(.debug_pubnames)

.debug_info
 *(.debug_info .gnu.linkonce.wi.*)

.debug_abbrev
 *(.debug_abbrev)

.debug_line
 *(.debug_line)

.debug_frame
 *(.debug_frame)

.debug_str
 *(.debug_str)

.debug_loc
 *(.debug_loc)

.debug_macinfo
 *(.debug_macinfo)

.debug_weaknames
 *(.debug_weaknames)

.debug_funcnames
 *(.debug_funcnames)

.debug_typenames
 *(.debug_typenames)

.debug_varnames
 *(.debug_varnames)

.debug_pubtypes
 *(.debug_pubtypes)

.debug_ranges
 *(.debug_ranges)

.gnu.attributes
                0x0000000000000000       0x14
 *(.gnu.attributes)
 .gnu.attributes
                0x0000000000000000       0x10 Sensors_and_actuators_ball_and_plate_2022b.o07
 .gnu.attributes
                0x0000000000000010       0x10 rt_zcfcn.o07
 .gnu.attributes
                0x0000000000000020       0x10 rti_sim_engine.o07
 .gnu.attributes
                0x0000000000000030       0x10 rt_sim.o07
 .gnu.attributes
                0x0000000000000040       0x10 rti_assert.o07
 .gnu.attributes
                0x0000000000000050       0x14 C:\Program Files\dSPACE RCPHIL 2020-B\DS1202\Lib/libm_fastpow.a(w_pow.o)
 .gnu.attributes
                0x0000000000000064       0x14 C:\Program Files\dSPACE RCPHIL 2020-B\DS1202\Lib/libm_fastpow.a(e_pow.o)
 .gnu.attributes
                0x0000000000000078       0x14 C:\Program Files\dSPACE RCPHIL 2020-B\DS1202\Lib/libm_fastpow.a(s_scalbn.o)

/DISCARD/
 *(.note.GNU-stack)
 *(.gnu_debuglink)
OUTPUT(Sensors_and_actuators_ball_and_plate_2022b.ppc elf32-powerpc)
