<*GNU-Linker-generated-mapfile*> 
Archive member included to satisfy reference by file (symbol)

C:\Program Files\dSPACE RCPHIL 2020-B\DS1202\Lib/librtversion.a(RtVersion.o)
                              (--whole-archive)
C:\Program Files\dSPACE RCPHIL 2020-B\DS1202\Lib/librtglobals.a(DsEESPort.o)
                              (--whole-archive)
C:\Program Files\dSPACE RCPHIL 2020-B\DS1202\Lib/libm_fastpow.a(w_pow.o)
                              C:\Program Files\dSPACE RCPHIL 2020-B\DS1202\Lib/librt1202.so (pow)
C:\Program Files\dSPACE RCPHIL 2020-B\DS1202\Lib/libm_fastpow.a(e_pow.o)
                              C:\Program Files\dSPACE RCPHIL 2020-B\DS1202\Lib/libm_fastpow.a(w_pow.o) (__ieee754_pow)
C:\Program Files\dSPACE RCPHIL 2020-B\DS1202\Lib/libm_fastpow.a(s_scalbn.o)
                              C:\Program Files\dSPACE RCPHIL 2020-B\DS1202\Lib/libm_fastpow.a(e_pow.o) (scalbn)

As-needed library included to satisfy reference by file (symbol)

libDsRealTimeTestingRP.so.1   rti_sim_engine.o07 (dsrtt_script_service_pre_computation)

Memory Configuration

Name             Origin             Length             Attributes
*default*        0x0000000000000000 0xffffffffffffffff

Linker script and memory map

LOAD C:\ProgramData\dSPACE\A8EFD7E5-F405-47E4-9A8A-DE544031D1F0\Compiler\QNX650_520\target\qnx6/ppcbe/lib/crt1.o
LOAD C:\ProgramData\dSPACE\A8EFD7E5-F405-47E4-9A8A-DE544031D1F0\Compiler\QNX650_520\target\qnx6/ppcbe/lib/crti.o
LOAD c:/programdata/dspace/a8efd7e5-f405-47e4-9a8a-de544031d1f0/compiler/qnx650_520/host/win32/x86/usr/bin/../lib/gcc/powerpc-unknown-nto-qnx6.5.0/5.2.0/crtbegin.o
                0x0000000000000000                _DSPACE_START = 0x0
                0x0000000000000000                _DSPACE_START_ = 0x0
                0x00000000000004b2                DS_TARGET_PLATFORM = 0x4b2
START GROUP
LOAD Sensors_and_actuators_ball_and_plate_2022b.o07
LOAD Sensors_and_actuators_ball_and_plate_2022b_data.o07
LOAD Sensors_and_actuators_ball_and_plate_2022b_trc_ptr.o07
LOAD rt_zcfcn.o07
LOAD rti_sim_engine.o07
LOAD rti_init_c.o07
LOAD rt_sim.o07
LOAD rti_assert.o07
LOAD C:\Program Files\dSPACE RCPHIL 2020-B\DS1202\Lib/librtcan.so
LOAD C:\Program Files\dSPACE RCPHIL 2020-B\DS1202\Lib/librtj1939.so
LOAD C:\Program Files\dSPACE RCPHIL 2020-B\DS1202\Lib/librtser.so
LOAD C:\Program Files\dSPACE RCPHIL 2020-B\DS1202\Lib/librt13xxio.so
LOAD C:\Program Files\dSPACE RCPHIL 2020-B\DS1202\Lib/librt1202.so
LOAD C:\Program Files\dSPACE RCPHIL 2020-B\DS1202\Lib/librtwrap.so
LOAD C:\Program Files\dSPACE RCPHIL 2020-B\DS1202\Lib/librtversion.a
LOAD C:\Program Files\dSPACE RCPHIL 2020-B\DS1202\Lib/librtglobals.a
LOAD C:\Program Files\dSPACE RCPHIL 2020-B\DS1202\Lib/libm_fastpow.a
END GROUP
LOAD C:\Program Files\dSPACE RCPHIL 2020-B\DS1202\Lib/libstdc++.so
LOAD C:\ProgramData\dSPACE\A8EFD7E5-F405-47E4-9A8A-DE544031D1F0\Compiler\QNX650_520\target\qnx6/ppcbe/lib/libm.so
LOAD c:/programdata/dspace/a8efd7e5-f405-47e4-9a8a-de544031d1f0/compiler/qnx650_520/host/win32/x86/usr/bin/../lib/gcc/powerpc-unknown-nto-qnx6.5.0/5.2.0\libgcc.a
LOAD C:\ProgramData\dSPACE\A8EFD7E5-F405-47E4-9A8A-DE544031D1F0\Compiler\QNX650_520\target\qnx6/ppcbe/lib/libc.so
LOAD C:\ProgramData\dSPACE\A8EFD7E5-F405-47E4-9A8A-DE544031D1F0\Compiler\QNX650_520\target\qnx6/ppcbe/lib\libc.a
LOAD c:/programdata/dspace/a8efd7e5-f405-47e4-9a8a-de544031d1f0/compiler/qnx650_520/host/win32/x86/usr/bin/../lib/gcc/powerpc-unknown-nto-qnx6.5.0/5.2.0\libgcc.a
LOAD c:/programdata/dspace/a8efd7e5-f405-47e4-9a8a-de544031d1f0/compiler/qnx650_520/host/win32/x86/usr/bin/../lib/gcc/powerpc-unknown-nto-qnx6.5.0/5.2.0/crtend.o
LOAD C:\ProgramData\dSPACE\A8EFD7E5-F405-47E4-9A8A-DE544031D1F0\Compiler\QNX650_520\target\qnx6/ppcbe/lib/crtn.o
                [!provide]                        PROVIDE (__stack, 0x0)
                [!provide]                        PROVIDE (___stack, 0x0)
                [!provide]                        PROVIDE (__executable_start, 0x48040000)
                0x0000000048040134                . = (0x48040000 + SIZEOF_HEADERS)

.interp         0x0000000048040134       0x14
 *(.interp)
 .interp        0x0000000048040134       0x14 C:\ProgramData\dSPACE\A8EFD7E5-F405-47E4-9A8A-DE544031D1F0\Compiler\QNX650_520\target\qnx6/ppcbe/lib/crt1.o

.note           0x0000000048040150       0x18
 .note          0x0000000048040150       0x18 C:\ProgramData\dSPACE\A8EFD7E5-F405-47E4-9A8A-DE544031D1F0\Compiler\QNX650_520\target\qnx6/ppcbe/lib/crtn.o

.note.gnu.build-id
                0x0000000048040168       0x20
 *(.note.gnu.build-id)
 .note.gnu.build-id
                0x0000000048040168       0x20 C:\ProgramData\dSPACE\A8EFD7E5-F405-47E4-9A8A-DE544031D1F0\Compiler\QNX650_520\target\qnx6/ppcbe/lib/crt1.o

.hash           0x0000000048040188      0x35c
 *(.hash)
 .hash          0x0000000048040188      0x35c C:\ProgramData\dSPACE\A8EFD7E5-F405-47E4-9A8A-DE544031D1F0\Compiler\QNX650_520\target\qnx6/ppcbe/lib/crt1.o

.gnu.hash
 *(.gnu.hash)

.dynsym         0x00000000480404e4      0x740
 *(.dynsym)
 .dynsym        0x00000000480404e4      0x740 C:\ProgramData\dSPACE\A8EFD7E5-F405-47E4-9A8A-DE544031D1F0\Compiler\QNX650_520\target\qnx6/ppcbe/lib/crt1.o

.dynstr         0x0000000048040c24      0x995
 *(.dynstr)
 .dynstr        0x0000000048040c24      0x995 C:\ProgramData\dSPACE\A8EFD7E5-F405-47E4-9A8A-DE544031D1F0\Compiler\QNX650_520\target\qnx6/ppcbe/lib/crt1.o

.gnu.version    0x00000000480415ba        0x0
 *(.gnu.version)
 .gnu.version   0x00000000480415ba        0x0 C:\ProgramData\dSPACE\A8EFD7E5-F405-47E4-9A8A-DE544031D1F0\Compiler\QNX650_520\target\qnx6/ppcbe/lib/crt1.o

.gnu.version_d  0x00000000480415bc        0x0
 *(.gnu.version_d)
 .gnu.version_d
                0x00000000480415bc        0x0 C:\ProgramData\dSPACE\A8EFD7E5-F405-47E4-9A8A-DE544031D1F0\Compiler\QNX650_520\target\qnx6/ppcbe/lib/crt1.o

.gnu.version_r  0x00000000480415bc        0x0
 *(.gnu.version_r)
 .gnu.version_r
                0x00000000480415bc        0x0 C:\ProgramData\dSPACE\A8EFD7E5-F405-47E4-9A8A-DE544031D1F0\Compiler\QNX650_520\target\qnx6/ppcbe/lib/crt1.o

.rel.dyn
 *(.rel.init)
 *(.rel.text .rel.text.* .rel.gnu.linkonce.t.*)
 *(.rel.fini)
 *(.rel.rodata .rel.rodata.* .rel.gnu.linkonce.r.*)
 *(.rel.data.rel.ro* .rel.gnu.linkonce.d.rel.ro.*)
 *(.rel.data .rel.data.* .rel.gnu.linkonce.d.*)
 *(.rel.tdata .rel.tdata.* .rel.gnu.linkonce.td.*)
 *(.rel.tbss .rel.tbss.* .rel.gnu.linkonce.tb.*)
 *(.rel.ctors)
 *(.rel.dtors)
 *(.rel.got)
 *(.rel.sdata .rel.sdata.* .rel.gnu.linkonce.s.*)
 *(.rel.sbss .rel.sbss.* .rel.gnu.linkonce.sb.*)
 *(.rel.sdata2 .rel.sdata2.* .rel.gnu.linkonce.s2.*)
 *(.rel.sbss2 .rel.sbss2.* .rel.gnu.linkonce.sb2.*)
 *(.rel.bss .rel.bss.* .rel.gnu.linkonce.b.*)

.rela.dyn       0x00000000480415bc       0x6c
 *(.rela.init)
 *(.rela.text .rela.text.* .rela.gnu.linkonce.t.*)
 .rela.text     0x00000000480415bc        0x0 C:\ProgramData\dSPACE\A8EFD7E5-F405-47E4-9A8A-DE544031D1F0\Compiler\QNX650_520\target\qnx6/ppcbe/lib/crt1.o
 *(.rela.fini)
 *(.rela.rodata .rela.rodata.* .rela.gnu.linkonce.r.*)
 .rela.rodata   0x00000000480415bc        0x0 C:\ProgramData\dSPACE\A8EFD7E5-F405-47E4-9A8A-DE544031D1F0\Compiler\QNX650_520\target\qnx6/ppcbe/lib/crt1.o
 *(.rela.data .rela.data.* .rela.gnu.linkonce.d.*)
 *(.rela.tdata .rela.tdata.* .rela.gnu.linkonce.td.*)
 *(.rela.tbss .rela.tbss.* .rela.gnu.linkonce.tb.*)
 *(.rela.ctors)
 *(.rela.dtors)
 *(.rela.got)
 .rela.got      0x00000000480415bc       0x48 C:\ProgramData\dSPACE\A8EFD7E5-F405-47E4-9A8A-DE544031D1F0\Compiler\QNX650_520\target\qnx6/ppcbe/lib/crt1.o
 *(.rela.got1)
 *(.rela.got2)
 *(.rela.sdata .rela.sdata.* .rela.gnu.linkonce.s.*)
 *(.rela.sbss .rela.sbss.* .rela.gnu.linkonce.sb.*)
 .rela.sbss     0x0000000048041604        0x0 C:\ProgramData\dSPACE\A8EFD7E5-F405-47E4-9A8A-DE544031D1F0\Compiler\QNX650_520\target\qnx6/ppcbe/lib/crt1.o
 *(.rela.sdata2 .rela.sdata2.* .rela.gnu.linkonce.s2.*)
 *(.rela.sbss2 .rela.sbss2.* .rela.gnu.linkonce.sb2.*)
 *(.rela.bss .rela.bss.* .rela.gnu.linkonce.b.*)
 .rela.bss      0x0000000048041604       0x24 C:\ProgramData\dSPACE\A8EFD7E5-F405-47E4-9A8A-DE544031D1F0\Compiler\QNX650_520\target\qnx6/ppcbe/lib/crt1.o
 .rela.iplt     0x0000000048041628        0x0 C:\ProgramData\dSPACE\A8EFD7E5-F405-47E4-9A8A-DE544031D1F0\Compiler\QNX650_520\target\qnx6/ppcbe/lib/crt1.o

.rel.plt
 *(.rel.plt)

.rela.plt       0x0000000048041628      0x48c
 *(.rela.plt)
 .rela.plt      0x0000000048041628      0x48c C:\ProgramData\dSPACE\A8EFD7E5-F405-47E4-9A8A-DE544031D1F0\Compiler\QNX650_520\target\qnx6/ppcbe/lib/crt1.o

.init           0x0000000048041ab4       0x24
 *(.init)
 .init          0x0000000048041ab4        0xc C:\ProgramData\dSPACE\A8EFD7E5-F405-47E4-9A8A-DE544031D1F0\Compiler\QNX650_520\target\qnx6/ppcbe/lib/crti.o
                0x0000000048041ab4                _init
 .init          0x0000000048041ac0        0x4 c:/programdata/dspace/a8efd7e5-f405-47e4-9a8a-de544031d1f0/compiler/qnx650_520/host/win32/x86/usr/bin/../lib/gcc/powerpc-unknown-nto-qnx6.5.0/5.2.0/crtbegin.o
 .init          0x0000000048041ac4        0x4 c:/programdata/dspace/a8efd7e5-f405-47e4-9a8a-de544031d1f0/compiler/qnx650_520/host/win32/x86/usr/bin/../lib/gcc/powerpc-unknown-nto-qnx6.5.0/5.2.0/crtend.o
 .init          0x0000000048041ac8       0x10 C:\ProgramData\dSPACE\A8EFD7E5-F405-47E4-9A8A-DE544031D1F0\Compiler\QNX650_520\target\qnx6/ppcbe/lib/crtn.o

.text           0x0000000048041ae0     0x490c
                0x0000000048041ae0                _btext = .
 *(.text .stub .text.* .gnu.linkonce.t.*)
 .text          0x0000000048041ae0      0x118 C:\ProgramData\dSPACE\A8EFD7E5-F405-47E4-9A8A-DE544031D1F0\Compiler\QNX650_520\target\qnx6/ppcbe/lib/crt1.o
                0x0000000048041ae0                _start
 .text          0x0000000048041bf8        0x0 C:\ProgramData\dSPACE\A8EFD7E5-F405-47E4-9A8A-DE544031D1F0\Compiler\QNX650_520\target\qnx6/ppcbe/lib/crti.o
 .text          0x0000000048041bf8      0x2b0 c:/programdata/dspace/a8efd7e5-f405-47e4-9a8a-de544031d1f0/compiler/qnx650_520/host/win32/x86/usr/bin/../lib/gcc/powerpc-unknown-nto-qnx6.5.0/5.2.0/crtbegin.o
 *fill*         0x0000000048041ea8        0x8 00000000
 .text          0x0000000048041eb0     0x23f0 Sensors_and_actuators_ball_and_plate_2022b.o07
                0x0000000048041eb0                Sensors_and_act_BoundsFunction1
                0x0000000048041ef0                S_Integratorresetdetermination1
                0x0000000048041f30                Sensors_and_actu_MATLABFunction
                0x0000000048041f60                Sensors_a_EnabledSubsystem_Init
                0x0000000048041f70                Sensor_EnabledSubsystem_Disable
                0x0000000048041f90                Sensors__EnabledSubsystem_Start
                0x0000000048041fa0                Sensors_and_ac_EnabledSubsystem
                0x0000000048042020                Sensors__EnabledSubsystem1_Init
                0x0000000048042030                Senso_EnabledSubsystem1_Disable
                0x0000000048042040                Sensors_EnabledSubsystem1_Start
                0x0000000048042050                Sensors_and_a_EnabledSubsystem1
                0x00000000480420d0                Sensors_and_actuators_ball_and_plate_2022b_output
                0x0000000048043c30                Sensors_and_actuators_ball_and_plate_2022b_derivatives
                0x0000000048043d80                Sensors_and_actuators_ball_and_plate_2022b_update
                0x0000000048043f80                Sensors_and_actuators_ball_and_plate_2022b_initialize
                0x00000000480441b0                Sensors_and_actuators_ball_and_plate_2022b_terminate
 .text          0x00000000480442a0        0x0 Sensors_and_actuators_ball_and_plate_2022b_data.o07
 .text          0x00000000480442a0      0x304 Sensors_and_actuators_ball_and_plate_2022b_trc_ptr.o07
                0x0000000048044570                Sensors_and_actuators_ball_and_plate_2022b_rti_init_trc_pointers
 *fill*         0x00000000480445a4        0xc 00000000
 .text          0x00000000480445b0       0xf8 rt_zcfcn.o07
                0x00000000480445b0                rt_ZCFcn
 *fill*         0x00000000480446a8        0x8 00000000
 .text          0x00000000480446b0      0x774 rti_sim_engine.o07
                0x0000000048044db0                rtk_idle_function
                0x0000000048044dc0                rti_th_timertask1_trigger_source
                0x0000000048044e10                initConditions
                0x0000000048044e20                initVariables
 *fill*         0x0000000048044e24        0xc 00000000
 .text.startup  0x0000000048044e30      0x9b0 rti_sim_engine.o07
                0x0000000048044e30                main
 .text          0x00000000480457e0       0x40 rti_init_c.o07
                0x00000000480457e0                rti_init
 .text          0x0000000048045820       0x44 rt_sim.o07
                0x0000000048045820                rt_SimInitTimingEngine
                0x0000000048045850                rt_SimGetNextSampleHit
                0x0000000048045860                rt_SimUpdateDiscreteTaskSampleHits
 *fill*         0x0000000048045864        0xc 00000000
 .text          0x0000000048045870       0xd4 rti_assert.o07
                0x0000000048045870                rti_assertion_handler
                0x0000000048045900                rti_assertion_mode_msg
 .text          0x0000000048045944        0x0 C:\Program Files\dSPACE RCPHIL 2020-B\DS1202\Lib/librtversion.a(RtVersion.o)
 *fill*         0x0000000048045944        0xc 00000000
 .text          0x0000000048045950        0x4 C:\Program Files\dSPACE RCPHIL 2020-B\DS1202\Lib/librtglobals.a(DsEESPort.o)
                0x0000000048045950                DsEesPort_init()
 .text          0x0000000048045954       0x20 C:\Program Files\dSPACE RCPHIL 2020-B\DS1202\Lib/libm_fastpow.a(w_pow.o)
                0x0000000048045954                pow
 .text          0x0000000048045974      0x85c C:\Program Files\dSPACE RCPHIL 2020-B\DS1202\Lib/libm_fastpow.a(e_pow.o)
                0x0000000048045974                __ieee754_pow
 .text          0x00000000480461d0      0x188 C:\Program Files\dSPACE RCPHIL 2020-B\DS1202\Lib/libm_fastpow.a(s_scalbn.o)
                0x00000000480461d0                scalbn
 .text          0x0000000048046358       0x94 c:/programdata/dspace/a8efd7e5-f405-47e4-9a8a-de544031d1f0/compiler/qnx650_520/host/win32/x86/usr/bin/../lib/gcc/powerpc-unknown-nto-qnx6.5.0/5.2.0/crtend.o
 .text          0x00000000480463ec        0x0 C:\ProgramData\dSPACE\A8EFD7E5-F405-47E4-9A8A-DE544031D1F0\Compiler\QNX650_520\target\qnx6/ppcbe/lib/crtn.o
 *(.gnu.warning)
 *(.glink)
 .glink         0x00000000480463ec        0x0 C:\ProgramData\dSPACE\A8EFD7E5-F405-47E4-9A8A-DE544031D1F0\Compiler\QNX650_520\target\qnx6/ppcbe/lib/crt1.o

.fini           0x00000000480463ec       0x20
 *(.fini)
 .fini          0x00000000480463ec        0xc C:\ProgramData\dSPACE\A8EFD7E5-F405-47E4-9A8A-DE544031D1F0\Compiler\QNX650_520\target\qnx6/ppcbe/lib/crti.o
                0x00000000480463ec                _fini
 .fini          0x00000000480463f8        0x4 c:/programdata/dspace/a8efd7e5-f405-47e4-9a8a-de544031d1f0/compiler/qnx650_520/host/win32/x86/usr/bin/../lib/gcc/powerpc-unknown-nto-qnx6.5.0/5.2.0/crtbegin.o
 .fini          0x00000000480463fc       0x10 C:\ProgramData\dSPACE\A8EFD7E5-F405-47E4-9A8A-DE544031D1F0\Compiler\QNX650_520\target\qnx6/ppcbe/lib/crtn.o
                [!provide]                        PROVIDE (__etext, .)
                0x000000004804640c                PROVIDE (_etext, .)
                [!provide]                        PROVIDE (etext, .)

.rodata         0x0000000048046410      0x5c0
 *(.rodata .rodata.* .gnu.linkonce.r.*)
 .rodata        0x0000000048046410        0x4 Sensors_and_actuators_ball_and_plate_2022b.o07
                0x0000000048046410                Sensors_and_actuators_ball_a_M
 .rodata.cst4   0x0000000048046414       0x14 Sensors_and_actuators_ball_and_plate_2022b.o07
 .rodata.cst8   0x0000000048046428       0x30 Sensors_and_actuators_ball_and_plate_2022b.o07
 .rodata.str1.4
                0x0000000048046458        0x5 Sensors_and_actuators_ball_and_plate_2022b.o07
 *fill*         0x000000004804645d        0x3 
 .rodata        0x0000000048046460       0x13 rt_zcfcn.o07
 .rodata.cst4   0x0000000048046473        0x4 rt_zcfcn.o07
 *fill*         0x0000000048046473        0x1 
 .rodata        0x0000000048046474        0xc rti_sim_engine.o07
                0x0000000048046474                rtiDataSetStorageEnabled
                0x0000000048046478                p_dsts_sum_of_reset_time
                0x000000004804647c                p_msg_last_error_no
 .rodata.cst4   0x0000000048046480        0x4 rti_sim_engine.o07
                                          0x8 (size before relaxing)
 .rodata.cst8   0x0000000048046484        0x8 rti_sim_engine.o07
 .rodata.str1.4
                0x0000000048046484      0x314 rti_sim_engine.o07
 .rodata.cst4   0x0000000048046798        0x4 rt_sim.o07
                                          0x8 (size before relaxing)
 .rodata.str1.4
                0x000000004804679c       0x71 rt_sim.o07
 *fill*         0x000000004804680d        0x3 
 .rodata.str1.4
                0x0000000048046810       0x70 rti_assert.o07
                                         0x6d (size before relaxing)
 .rodata        0x0000000048046880       0x30 C:\Program Files\dSPACE RCPHIL 2020-B\DS1202\Lib/libm_fastpow.a(e_pow.o)
 .rodata.cst4   0x00000000480468b0        0x8 C:\Program Files\dSPACE RCPHIL 2020-B\DS1202\Lib/libm_fastpow.a(e_pow.o)
 .rodata.cst8   0x00000000480468b8       0xe8 C:\Program Files\dSPACE RCPHIL 2020-B\DS1202\Lib/libm_fastpow.a(e_pow.o)
 .rodata.cst8   0x00000000480469a0       0x30 C:\Program Files\dSPACE RCPHIL 2020-B\DS1202\Lib/libm_fastpow.a(s_scalbn.o)

.rodata1
 *(.rodata1)

.sdata2         0x00000000480469d0        0x0
                0x0000000000008000                PROVIDE (_SDA2_BASE_, 0x8000)
 *(.sdata2 .sdata2.* .gnu.linkonce.s2.*)
 .sdata2        0x00000000480469d0        0x0 C:\ProgramData\dSPACE\A8EFD7E5-F405-47E4-9A8A-DE544031D1F0\Compiler\QNX650_520\target\qnx6/ppcbe/lib/crt1.o

.sbss2
 *(.sbss2 .sbss2.* .gnu.linkonce.sb2.*)

.eh_frame_hdr   0x00000000480469d0       0x14
 *(.eh_frame_hdr)
 .eh_frame_hdr  0x00000000480469d0       0x14 C:\Program Files\dSPACE RCPHIL 2020-B\DS1202\Lib/librtglobals.a(DsEESPort.o)

.eh_frame       0x00000000480469e4       0x2c
 *(.eh_frame)
 .eh_frame      0x00000000480469e4        0x0 C:\ProgramData\dSPACE\A8EFD7E5-F405-47E4-9A8A-DE544031D1F0\Compiler\QNX650_520\target\qnx6/ppcbe/lib/crt1.o
 .eh_frame      0x00000000480469e4        0x0 c:/programdata/dspace/a8efd7e5-f405-47e4-9a8a-de544031d1f0/compiler/qnx650_520/host/win32/x86/usr/bin/../lib/gcc/powerpc-unknown-nto-qnx6.5.0/5.2.0/crtbegin.o
 .eh_frame      0x00000000480469e4       0x28 C:\Program Files\dSPACE RCPHIL 2020-B\DS1202\Lib/librtglobals.a(DsEESPort.o)
 .eh_frame      0x0000000048046a0c        0x4 c:/programdata/dspace/a8efd7e5-f405-47e4-9a8a-de544031d1f0/compiler/qnx650_520/host/win32/x86/usr/bin/../lib/gcc/powerpc-unknown-nto-qnx6.5.0/5.2.0/crtend.o

.gcc_except_table
 *(.gcc_except_table .gcc_except_table.*)
                0x0000000048046a10                . = (ALIGN (0x1000) - ((0x1000 - .) & 0xfff))
                0x0000000048047a10                . = DATA_SEGMENT_ALIGN (0x1000, 0x1000)

.eh_frame
 *(.eh_frame)

.gcc_except_table
 *(.gcc_except_table .gcc_except_table.*)

.tdata
 *(.tdata .tdata.* .gnu.linkonce.td.*)

.tbss
 *(.tbss .tbss.* .gnu.linkonce.tb.*)
 *(.tcommon)

.preinit_array  0x0000000048047a10        0x0
                0x0000000048047a10                PROVIDE (__preinit_array_start, .)
 *(.preinit_array)
                0x0000000048047a10                PROVIDE (__preinit_array_end, .)

.init_array     0x0000000048047a10        0x0
                0x0000000048047a10                PROVIDE (__init_array_start, .)
 *(SORT(.init_array.*))
 *(.init_array)
                0x0000000048047a10                PROVIDE (__init_array_end, .)

.fini_array     0x0000000048047a10        0x0
                0x0000000048047a10                PROVIDE (__fini_array_start, .)
 *(.fini_array)
 *(SORT(.fini_array.*))
                0x0000000048047a10                PROVIDE (__fini_array_end, .)

.ctors          0x0000000048047a10        0x8
 *crtbegin.o(.ctors)
 .ctors         0x0000000048047a10        0x4 c:/programdata/dspace/a8efd7e5-f405-47e4-9a8a-de544031d1f0/compiler/qnx650_520/host/win32/x86/usr/bin/../lib/gcc/powerpc-unknown-nto-qnx6.5.0/5.2.0/crtbegin.o
 *crtbegin?.o(.ctors)
 *(EXCLUDE_FILE(*crtend?.o *crtend.o) .ctors)
 *(SORT(.ctors.*))
 *(.ctors)
 .ctors         0x0000000048047a14        0x4 c:/programdata/dspace/a8efd7e5-f405-47e4-9a8a-de544031d1f0/compiler/qnx650_520/host/win32/x86/usr/bin/../lib/gcc/powerpc-unknown-nto-qnx6.5.0/5.2.0/crtend.o

.dtors          0x0000000048047a18        0x8
 *crtbegin.o(.dtors)
 .dtors         0x0000000048047a18        0x4 c:/programdata/dspace/a8efd7e5-f405-47e4-9a8a-de544031d1f0/compiler/qnx650_520/host/win32/x86/usr/bin/../lib/gcc/powerpc-unknown-nto-qnx6.5.0/5.2.0/crtbegin.o
 *crtbegin?.o(.dtors)
 *(EXCLUDE_FILE(*crtend?.o *crtend.o) .dtors)
 *(SORT(.dtors.*))
 *(.dtors)
 .dtors         0x0000000048047a1c        0x4 c:/programdata/dspace/a8efd7e5-f405-47e4-9a8a-de544031d1f0/compiler/qnx650_520/host/win32/x86/usr/bin/../lib/gcc/powerpc-unknown-nto-qnx6.5.0/5.2.0/crtend.o
                0x0000000048047a1c                __DTOR_END__

.jcr            0x0000000048047a20        0x4
 *(.jcr)
 .jcr           0x0000000048047a20        0x0 c:/programdata/dspace/a8efd7e5-f405-47e4-9a8a-de544031d1f0/compiler/qnx650_520/host/win32/x86/usr/bin/../lib/gcc/powerpc-unknown-nto-qnx6.5.0/5.2.0/crtbegin.o
 .jcr           0x0000000048047a20        0x4 c:/programdata/dspace/a8efd7e5-f405-47e4-9a8a-de544031d1f0/compiler/qnx650_520/host/win32/x86/usr/bin/../lib/gcc/powerpc-unknown-nto-qnx6.5.0/5.2.0/crtend.o

.data.rel.ro
 *(.data.rel.ro.local* .gnu.linkonce.d.rel.ro.local.*)
 *(.data.rel.ro* .gnu.linkonce.d.rel.ro.*)

.fixup
 *(.fixup)

.got1
 *(.got1)

.got2
 *(.got2)

.dynamic        0x0000000048047a24      0x100
 *(.dynamic)
 .dynamic       0x0000000048047a24      0x100 C:\ProgramData\dSPACE\A8EFD7E5-F405-47E4-9A8A-DE544031D1F0\Compiler\QNX650_520\target\qnx6/ppcbe/lib/crt1.o
                0x0000000048047a24                _DYNAMIC

.got
 *(.got)
                0x0000000048047b24                . = DATA_SEGMENT_RELRO_END (., 0x0)

.plt
 *(.plt)

.data           0x0000000048047b28      0x3d0
 *(.data .data.* .gnu.linkonce.d.*)
 .data          0x0000000048047b28        0x0 C:\ProgramData\dSPACE\A8EFD7E5-F405-47E4-9A8A-DE544031D1F0\Compiler\QNX650_520\target\qnx6/ppcbe/lib/crt1.o
 .data          0x0000000048047b28        0x0 C:\ProgramData\dSPACE\A8EFD7E5-F405-47E4-9A8A-DE544031D1F0\Compiler\QNX650_520\target\qnx6/ppcbe/lib/crti.o
 .data          0x0000000048047b28        0x0 c:/programdata/dspace/a8efd7e5-f405-47e4-9a8a-de544031d1f0/compiler/qnx650_520/host/win32/x86/usr/bin/../lib/gcc/powerpc-unknown-nto-qnx6.5.0/5.2.0/crtbegin.o
 .data.rel.local
                0x0000000048047b28        0x4 c:/programdata/dspace/a8efd7e5-f405-47e4-9a8a-de544031d1f0/compiler/qnx650_520/host/win32/x86/usr/bin/../lib/gcc/powerpc-unknown-nto-qnx6.5.0/5.2.0/crtbegin.o
                0x0000000048047b28                __dso_handle
 .data          0x0000000048047b2c        0x0 Sensors_and_actuators_ball_and_plate_2022b.o07
 *fill*         0x0000000048047b2c        0x4 
 .data          0x0000000048047b30      0x3a8 Sensors_and_actuators_ball_and_plate_2022b_data.o07
                0x0000000048047b30                Sensors_and_actuators_ball_an_P
 .data          0x0000000048047ed8        0x0 Sensors_and_actuators_ball_and_plate_2022b_trc_ptr.o07
 .data          0x0000000048047ed8        0x0 rt_zcfcn.o07
 .data          0x0000000048047ed8       0x14 rti_sim_engine.o07
                0x0000000048047ed8                simState
                0x0000000048047ee8                lastSimState
 .data          0x0000000048047eec        0x0 rti_init_c.o07
 .data          0x0000000048047eec        0x0 rt_sim.o07
 .data          0x0000000048047eec        0x0 rti_assert.o07
 .data          0x0000000048047eec        0x0 C:\Program Files\dSPACE RCPHIL 2020-B\DS1202\Lib/librtversion.a(RtVersion.o)
 .data          0x0000000048047eec        0x0 C:\Program Files\dSPACE RCPHIL 2020-B\DS1202\Lib/librtglobals.a(DsEESPort.o)
 .data.rel      0x0000000048047eec        0xc C:\Program Files\dSPACE RCPHIL 2020-B\DS1202\Lib/librtglobals.a(DsEESPort.o)
                0x0000000048047eec                p_xilapi_eesport_errorswitching_uint32_T
                0x0000000048047ef0                p_xilapi_eesport_erroractivated_uint32_T
                0x0000000048047ef4                p_xilapi_eesport_activeerrorset_uint32_T
 .data          0x0000000048047ef8        0x0 C:\Program Files\dSPACE RCPHIL 2020-B\DS1202\Lib/libm_fastpow.a(w_pow.o)
 .data          0x0000000048047ef8        0x0 C:\Program Files\dSPACE RCPHIL 2020-B\DS1202\Lib/libm_fastpow.a(e_pow.o)
 .data          0x0000000048047ef8        0x0 C:\Program Files\dSPACE RCPHIL 2020-B\DS1202\Lib/libm_fastpow.a(s_scalbn.o)
 .data          0x0000000048047ef8        0x0 c:/programdata/dspace/a8efd7e5-f405-47e4-9a8a-de544031d1f0/compiler/qnx650_520/host/win32/x86/usr/bin/../lib/gcc/powerpc-unknown-nto-qnx6.5.0/5.2.0/crtend.o
 .data          0x0000000048047ef8        0x0 C:\ProgramData\dSPACE\A8EFD7E5-F405-47E4-9A8A-DE544031D1F0\Compiler\QNX650_520\target\qnx6/ppcbe/lib/crtn.o

.tm_clone_table
                0x0000000048047ef8        0x0
 .tm_clone_table
                0x0000000048047ef8        0x0 c:/programdata/dspace/a8efd7e5-f405-47e4-9a8a-de544031d1f0/compiler/qnx650_520/host/win32/x86/usr/bin/../lib/gcc/powerpc-unknown-nto-qnx6.5.0/5.2.0/crtbegin.o
 .tm_clone_table
                0x0000000048047ef8        0x0 c:/programdata/dspace/a8efd7e5-f405-47e4-9a8a-de544031d1f0/compiler/qnx650_520/host/win32/x86/usr/bin/../lib/gcc/powerpc-unknown-nto-qnx6.5.0/5.2.0/crtend.o

.data1
 *(.data1)

.got            0x0000000048047ef8       0x54
 *(.got)
 .got           0x0000000048047ef8       0x54 C:\ProgramData\dSPACE\A8EFD7E5-F405-47E4-9A8A-DE544031D1F0\Compiler\QNX650_520\target\qnx6/ppcbe/lib/crt1.o
                0x0000000048047f40                _GLOBAL_OFFSET_TABLE_

.sdata          0x0000000048047f4c        0x0
                0x0000000000008000                PROVIDE (_SDA_BASE_, 0x8000)
 *(.sdata .sdata.* .gnu.linkonce.s.*)
 .sdata         0x0000000048047f4c        0x0 C:\ProgramData\dSPACE\A8EFD7E5-F405-47E4-9A8A-DE544031D1F0\Compiler\QNX650_520\target\qnx6/ppcbe/lib/crt1.o
                0x0000000048047f4c                _edata = .
                [!provide]                        PROVIDE (edata, .)
                0x0000000048047f4c                __bss_start = .

.sbss           0x0000000048047f4c        0x0
                [!provide]                        PROVIDE (__sbss_start, .)
                [!provide]                        PROVIDE (___sbss_start, .)
 *(.dynsbss)
 .dynsbss       0x0000000048047f4c        0x0 C:\ProgramData\dSPACE\A8EFD7E5-F405-47E4-9A8A-DE544031D1F0\Compiler\QNX650_520\target\qnx6/ppcbe/lib/crt1.o
 *(.sbss .sbss.* .gnu.linkonce.sb.*)
 *(.scommon)
                [!provide]                        PROVIDE (__sbss_end, .)
                [!provide]                        PROVIDE (___sbss_end, .)

.plt            0x0000000048047f4c      0x4d4
 *(.plt)
 .plt           0x0000000048047f4c      0x4d4 C:\ProgramData\dSPACE\A8EFD7E5-F405-47E4-9A8A-DE544031D1F0\Compiler\QNX650_520\target\qnx6/ppcbe/lib/crt1.o
                0x0000000048047f94                DsIoEth_getLinkState
                0x0000000048047f9c                ts_reset
                0x0000000048047fa4                __register_frame_info
                0x0000000048047fac                DioCl2EncoderIn_create
                0x0000000048047fb4                msg_error_clear
                0x0000000048047fbc                dsrtt_set_current_time
                0x0000000048047fc4                sqrt
                0x0000000048047fcc                DsIoEth_recvfrom
                0x0000000048047fd4                DioCl2EncoderIn_read
                0x0000000048047fdc                rtk_current_task_absolute_time_ptr_get
                0x0000000048047fe4                DsTimeSync_simstateRun
                0x0000000048047fec                DacCl1AnalogOut_create
                0x0000000048047ff4                DioCl2EncoderIn_setEncPosition
                0x0000000048047ffc                DioCl2EncoderIn_stop
                0x0000000048048004                rtk_setup_temp_overrun_handling
                0x000000004804800c                DsIoEth_close
                0x0000000048048014                DsIoEth_open
                0x000000004804801c                DsIoEth_setAddrFilter
                0x0000000048048024                DioCl2EncoderIn_setIndexMode
                0x000000004804802c                DsIoEth_setNetMask
                0x0000000048048034                SrtkIntBase_requestTaskMode
                0x000000004804803c                rtk_reset_tasks
                0x0000000048048044                __cxa_finalize
                0x000000004804804c                _init_array
                0x0000000048048054                rtk_set_task_type
                0x000000004804805c                DsTimeSync_baserate
                0x0000000048048064                rtk_task_name_set
                0x000000004804806c                DioCl2EncoderIn_write
                0x0000000048048074                DacCl1AnalogOut_apply
                0x000000004804807c                dsrtt_script_service_post_computation
                0x0000000048048084                rtk_create_task
                0x000000004804808c                msg_warning_printf
                0x0000000048048094                msg_last_error_number
                0x000000004804809c                DioCl2EncoderIn_start
                0x00000000480480a4                dsparam_copy_data_set
                0x00000000480480ac                SrtkPreload_preloadRegion
                0x00000000480480b4                msg_error_set
                0x00000000480480bc                rtk_enable_services
                0x00000000480480c4                SrtkDaq_Init
                0x00000000480480cc                rtk_task_task_calls_get
                0x00000000480480d4                DsTimeSync_setCurrentTimePtr
                0x00000000480480dc                SrtkIntBase_enableIntGlobal
                0x00000000480480e4                DsIoEth_getIpAddress
                0x00000000480480ec                DacCl1AnalogOut_write
                0x00000000480480f4                rtk_overrun_flag_clear
                0x00000000480480fc                rtk_bind_interrupt
                0x0000000048048104                DacCl1AnalogOut_stop
                0x000000004804810c                _init_libc
                0x0000000048048114                DioCl2EncoderIn_setGatedMode
                0x000000004804811c                dsrtt_init
                0x0000000048048124                SrtkApp_terminate
                0x000000004804812c                DioCl2EncoderIn_setMaxPosition
                0x0000000048048134                DioCl2EncoderIn_setMinPosition
                0x000000004804813c                msg_info_set
                0x0000000048048144                DsIoEth_setIpAddress
                0x000000004804814c                dsrtt_script_service_pre_computation
                0x0000000048048154                DacCl1AnalogOut_start
                0x000000004804815c                msg_error_printf
                0x0000000048048164                DsIoEth_setGatewayAddress
                0x000000004804816c                DioCl2EncoderIn_setEncPosValidity
                0x0000000048048174                memset
                0x000000004804817c                _Sin
                0x0000000048048184                DioCl2EncoderIn_getEncPosition
                0x000000004804818c                rtk_leave_idle_mode
                0x0000000048048194                __wrap_exit
                0x000000004804819c                __wrap_atexit
                0x00000000480481a4                DioCl2EncoderIn_setMeasurementInterval
                0x00000000480481ac                DacCl1AnalogOut_setOutputValue
                0x00000000480481b4                _fini_array
                0x00000000480481bc                SrtkDaq_Background
                0x00000000480481c4                _preinit_array
                0x00000000480481cc                SrtkApp_init
                0x00000000480481d4                SrtkDaq_Service
                0x00000000480481dc                rtk_task_task_name_get
                0x00000000480481e4                SrtkSim_notifyStateTransition
                0x00000000480481ec                DioCl2EncoderIn_apply
                0x00000000480481f4                DioCl2EncoderIn_getEncVelocity
                0x00000000480481fc                msg_set
                0x0000000048048204                DsIoEth_ntohs
                0x000000004804820c                DsIoEth_getPortState
                0x0000000048048214                rtk_get_subentry
                0x000000004804821c                DsIoEth_htons
                0x0000000048048224                dsrtt_set_step_size
                0x000000004804822c                rtk_enter_idle_mode
                0x0000000048048234                rtk_initialize
                0x000000004804823c                DacCl1AnalogOut_setOutputHighZ
                0x0000000048048244                DsIoEth_create
                0x000000004804824c                DsIoEth_getMgmtEvent
                0x0000000048048254                DioCl2EncoderIn_setEncoderLines
                0x000000004804825c                SrtkApp_background
                0x0000000048048264                rtk_default_overrun_fcn
                0x000000004804826c                vcm_module_register
                0x0000000048048274                DsTimeSync_simstateStop
                0x000000004804827c                DsIoEth_setRecvFrameSize
                0x0000000048048284                SrtkIntBase_disableIntGlobal
                0x000000004804828c                SrtkSim_registerState
                0x0000000048048294                __deregister_frame_info

.bss            0x0000000048048420      0x7dc
 *(.dynbss)
 .dynbss        0x0000000048048420       0x14 C:\ProgramData\dSPACE\A8EFD7E5-F405-47E4-9A8A-DE544031D1F0\Compiler\QNX650_520\target\qnx6/ppcbe/lib/crt1.o
                0x0000000048048420                errno
                0x0000000048048428                dsts_sum_of_reseted_time
                0x0000000048048430                msg_last_error_no
 *(.bss .bss.* .gnu.linkonce.b.*)
 .bss           0x0000000048048434        0x0 C:\ProgramData\dSPACE\A8EFD7E5-F405-47E4-9A8A-DE544031D1F0\Compiler\QNX650_520\target\qnx6/ppcbe/lib/crt1.o
 .bss           0x0000000048048434        0x0 C:\ProgramData\dSPACE\A8EFD7E5-F405-47E4-9A8A-DE544031D1F0\Compiler\QNX650_520\target\qnx6/ppcbe/lib/crti.o
 .bss           0x0000000048048434       0x20 c:/programdata/dspace/a8efd7e5-f405-47e4-9a8a-de544031d1f0/compiler/qnx650_520/host/win32/x86/usr/bin/../lib/gcc/powerpc-unknown-nto-qnx6.5.0/5.2.0/crtbegin.o
 *fill*         0x0000000048048454        0x4 
 .bss           0x0000000048048458      0x688 Sensors_and_actuators_ball_and_plate_2022b.o07
                0x0000000048048610                Sensors_and_actuators_ball_an_B
                0x00000000480489b8                Sensors_and_actuators_ball_an_Y
                0x0000000048048a38                Sensors_and_actuators_b_PrevZCX
                0x0000000048048a48                Sensors_and_actuators_ball_a_DW
                0x0000000048048a98                Sensors_and_actuators_ball_an_X
 .bss           0x0000000048048ae0        0x0 Sensors_and_actuators_ball_and_plate_2022b_data.o07
 .bss           0x0000000048048ae0       0xac Sensors_and_actuators_ball_and_plate_2022b_trc_ptr.o07
                0x0000000048048ae0                p_0_Sensors_and_actuators_ball_and_plate_2022b_real_T_0
                0x0000000048048ae4                p_0_Sensors_and_actuators_ball_and_plate_2022b_uint32_T_1
                0x0000000048048ae8                p_0_Sensors_and_actuators_ball_and_plate_2022b_uint16_T_2
                0x0000000048048aec                p_0_Sensors_and_actuators_ball_and_plate_2022b_uint8_T_3
                0x0000000048048af0                p_0_Sensors_and_actuators_ball_and_plate_2022b_boolean_T_4
                0x0000000048048af4                p_0_Sensors_and_actuators_ball_and_plate_2022b_real_T_5
                0x0000000048048af8                p_0_Sensors_and_actuators_ball_and_plate_2022b_real_T_6
                0x0000000048048afc                p_0_Sensors_and_actuators_ball_and_plate_2022b_real_T_7
                0x0000000048048b00                p_0_Sensors_and_actuators_ball_and_plate_2022b_real_T_8
                0x0000000048048b04                p_0_Sensors_and_actuators_ball_and_plate_2022b_real_T_9
                0x0000000048048b08                p_0_Sensors_and_actuators_ball_and_plate_2022b_real_T_10
                0x0000000048048b0c                p_0_Sensors_and_actuators_ball_and_plate_2022b_real_T_11
                0x0000000048048b10                p_0_Sensors_and_actuators_ball_and_plate_2022b_boolean_T_12
                0x0000000048048b14                p_0_Sensors_and_actuators_ball_and_plate_2022b_boolean_T_13
                0x0000000048048b18                p_0_Sensors_and_actuators_ball_and_plate_2022b_boolean_T_14
                0x0000000048048b1c                p_0_Sensors_and_actuators_ball_and_plate_2022b_real_T_15
                0x0000000048048b20                p_0_Sensors_and_actuators_ball_and_plate_2022b_real_T_16
                0x0000000048048b24                p_0_Sensors_and_actuators_ball_and_plate_2022b_real_T_17
                0x0000000048048b28                p_0_Sensors_and_actuators_ball_and_plate_2022b_boolean_T_18
                0x0000000048048b2c                p_0_Sensors_and_actuators_ball_and_plate_2022b_boolean_T_19
                0x0000000048048b30                p_0_Sensors_and_actuators_ball_and_plate_2022b_boolean_T_20
                0x0000000048048b34                p_1_Sensors_and_actuators_ball_and_plate_2022b_real_T_0
                0x0000000048048b38                p_1_Sensors_and_actuators_ball_and_plate_2022b_uint8_T_1
                0x0000000048048b3c                p_1_Sensors_and_actuators_ball_and_plate_2022b_real_T_2
                0x0000000048048b40                p_1_Sensors_and_actuators_ball_and_plate_2022b_real_T_3
                0x0000000048048b44                p_1_Sensors_and_actuators_ball_and_plate_2022b_real_T_4
                0x0000000048048b48                p_1_Sensors_and_actuators_ball_and_plate_2022b_real_T_5
                0x0000000048048b4c                p_1_Sensors_and_actuators_ball_and_plate_2022b_real_T_6
                0x0000000048048b50                p_1_Sensors_and_actuators_ball_and_plate_2022b_real_T_7
                0x0000000048048b54                p_2_Sensors_and_actuators_ball_and_plate_2022b_real_T_0
                0x0000000048048b58                p_2_Sensors_and_actuators_ball_and_plate_2022b_uint32_T_1
                0x0000000048048b5c                p_2_Sensors_and_actuators_ball_and_plate_2022b_uint16_T_2
                0x0000000048048b60                p_2_Sensors_and_actuators_ball_and_plate_2022b_int8_T_3
                0x0000000048048b64                p_2_Sensors_and_actuators_ball_and_plate_2022b_boolean_T_4
                0x0000000048048b68                p_2_Sensors_and_actuators_ball_and_plate_2022b_boolean_T_5
                0x0000000048048b6c                p_2_Sensors_and_actuators_ball_and_plate_2022b_boolean_T_6
                0x0000000048048b70                p_2_Sensors_and_actuators_ball_and_plate_2022b_boolean_T_7
                0x0000000048048b74                p_2_Sensors_and_actuators_ball_and_plate_2022b_boolean_T_8
                0x0000000048048b78                p_2_Sensors_and_actuators_ball_and_plate_2022b_boolean_T_9
                0x0000000048048b7c                p_3_Sensors_and_actuators_ball_and_plate_2022b_real_T_0
                0x0000000048048b80                p_5_Sensors_and_actuators_ball_and_plate_2022b_real_T_0
                0x0000000048048b84                p_5_Sensors_and_actuators_ball_and_plate_2022b_uint32_T_1
                0x0000000048048b88                p_5_Sensors_and_actuators_ball_and_plate_2022b_real_T_2
 .bss           0x0000000048048b8c        0x0 rt_zcfcn.o07
 *fill*         0x0000000048048b8c        0x4 
 .bss           0x0000000048048b90       0x54 rti_sim_engine.o07
                0x0000000048048b90                currentTime
                0x0000000048048b94                finalTime
                0x0000000048048b98                modelStepSize
                0x0000000048048ba0                pRTIDacC1AnalogOut_Ch_1
                0x0000000048048ba4                pRTIDacC1AnalogOut_Ch_2
                0x0000000048048ba8                pRTIDacC1AnalogOut_Ch_3
                0x0000000048048bac                pRTIEmcEncoder_Unit_1_DioCl_2_Port_1_Ch1
                0x0000000048048bb0                pRTIEmcEncoder_Unit_2_DioCl_2_Port_1_Ch3
                0x0000000048048bb4                pRTIEmcEncoder_Unit_3_DioCl_2_Port_1_Ch5
                0x0000000048048bb8                taskMode
                0x0000000048048bbc                pRti_TIMERA_STime
                0x0000000048048bc0                pRti_TIMERA_TTime
                0x0000000048048bc4                pRti_TIMERA_TState
                0x0000000048048bc8                pRti_TIMERA_OType
                0x0000000048048bcc                pRti_TIMERA_OMax
                0x0000000048048bd0                pRti_TIMERA_ORpt
                0x0000000048048bd4                pRti_TIMERA_OCnt
                0x0000000048048bd8                pRti_TIMERA_TCnt
                0x0000000048048bdc                pRti_TIMERA_Prio
                0x0000000048048be0                rtiAssertionMode
 .bss           0x0000000048048be4        0x4 rti_init_c.o07
 .bss           0x0000000048048be8        0x0 rt_sim.o07
 .bss           0x0000000048048be8        0x0 rti_assert.o07
 .bss           0x0000000048048be8        0x0 C:\Program Files\dSPACE RCPHIL 2020-B\DS1202\Lib/librtversion.a(RtVersion.o)
 .bss           0x0000000048048be8       0x14 C:\Program Files\dSPACE RCPHIL 2020-B\DS1202\Lib/librtglobals.a(DsEESPort.o)
                0x0000000048048be8                xilapi_eesport_trigger_uint32_T
                0x0000000048048bec                xilapi_eesport_flags_uint32_T
                0x0000000048048bf0                xilapi_eesport_errorswitching_uint32_T
                0x0000000048048bf4                xilapi_eesport_erroractivated_uint32_T
                0x0000000048048bf8                xilapi_eesport_activeerrorset_uint32_T
 .bss           0x0000000048048bfc        0x0 C:\Program Files\dSPACE RCPHIL 2020-B\DS1202\Lib/libm_fastpow.a(w_pow.o)
 .bss           0x0000000048048bfc        0x0 C:\Program Files\dSPACE RCPHIL 2020-B\DS1202\Lib/libm_fastpow.a(e_pow.o)
 .bss           0x0000000048048bfc        0x0 C:\Program Files\dSPACE RCPHIL 2020-B\DS1202\Lib/libm_fastpow.a(s_scalbn.o)
 .bss           0x0000000048048bfc        0x0 c:/programdata/dspace/a8efd7e5-f405-47e4-9a8a-de544031d1f0/compiler/qnx650_520/host/win32/x86/usr/bin/../lib/gcc/powerpc-unknown-nto-qnx6.5.0/5.2.0/crtend.o
 .bss           0x0000000048048bfc        0x0 C:\ProgramData\dSPACE\A8EFD7E5-F405-47E4-9A8A-DE544031D1F0\Compiler\QNX650_520\target\qnx6/ppcbe/lib/crtn.o
 *(COMMON)
                0x0000000048048bfc                . = ALIGN ((. != 0x0)?0x4:0x1)

.iplt           0x0000000048048c00        0x0
 .iplt          0x0000000048048c00        0x0 C:\ProgramData\dSPACE\A8EFD7E5-F405-47E4-9A8A-DE544031D1F0\Compiler\QNX650_520\target\qnx6/ppcbe/lib/crt1.o
                0x0000000048048c00                . = ALIGN (0x4)
                0x0000000048048c00                . = ALIGN (0x4)
                0x0000000048048c00                __end = .
                0x0000000048048c00                _end = .
                [!provide]                        PROVIDE (end, .)
                0x0000000048048c00                . = DATA_SEGMENT_END (.)

.stab
 *(.stab)

.stabstr
 *(.stabstr)

.stab.excl
 *(.stab.excl)

.stab.exclstr
 *(.stab.exclstr)

.stab.index
 *(.stab.index)

.stab.indexstr
 *(.stab.indexstr)

.comment        0x0000000000000000       0x47
 *(.comment)
 .comment       0x0000000000000000       0x11 c:/programdata/dspace/a8efd7e5-f405-47e4-9a8a-de544031d1f0/compiler/qnx650_520/host/win32/x86/usr/bin/../lib/gcc/powerpc-unknown-nto-qnx6.5.0/5.2.0/crtbegin.o
                                         0x12 (size before relaxing)
 .comment       0x0000000000000011       0x12 Sensors_and_actuators_ball_and_plate_2022b.o07
 .comment       0x0000000000000011       0x12 Sensors_and_actuators_ball_and_plate_2022b_data.o07
 .comment       0x0000000000000011       0x12 Sensors_and_actuators_ball_and_plate_2022b_trc_ptr.o07
 .comment       0x0000000000000011       0x12 rt_zcfcn.o07
 .comment       0x0000000000000011       0x12 rti_sim_engine.o07
 .comment       0x0000000000000011       0x12 rti_init_c.o07
 .comment       0x0000000000000011       0x12 rt_sim.o07
 .comment       0x0000000000000011       0x12 rti_assert.o07
 .comment       0x0000000000000011       0x12 C:\Program Files\dSPACE RCPHIL 2020-B\DS1202\Lib/librtversion.a(RtVersion.o)
 .comment       0x0000000000000011       0x12 C:\Program Files\dSPACE RCPHIL 2020-B\DS1202\Lib/librtglobals.a(DsEESPort.o)
 .comment       0x0000000000000011       0x12 C:\Program Files\dSPACE RCPHIL 2020-B\DS1202\Lib/libm_fastpow.a(w_pow.o)
 .comment       0x0000000000000023       0x12 C:\Program Files\dSPACE RCPHIL 2020-B\DS1202\Lib/libm_fastpow.a(e_pow.o)
 .comment       0x0000000000000035       0x12 C:\Program Files\dSPACE RCPHIL 2020-B\DS1202\Lib/libm_fastpow.a(s_scalbn.o)
 .comment       0x0000000000000047       0x12 c:/programdata/dspace/a8efd7e5-f405-47e4-9a8a-de544031d1f0/compiler/qnx650_520/host/win32/x86/usr/bin/../lib/gcc/powerpc-unknown-nto-qnx6.5.0/5.2.0/crtend.o

.PPC.EMB.apuinfo
                0x0000000000000000       0x18
 .PPC.EMB.apuinfo
                0x0000000000000000       0x18 Sensors_and_actuators_ball_and_plate_2022b.o07
 .PPC.EMB.apuinfo
                0x0000000000000018       0x18 rt_zcfcn.o07
 .PPC.EMB.apuinfo
                0x0000000000000030       0x18 rti_sim_engine.o07

.debug
 *(.debug)

.line
 *(.line)

.debug_srcinfo
 *(.debug_srcinfo)

.debug_sfnames
 *(.debug_sfnames)

.debug_aranges
 *(.debug_aranges)

.debug_pubnames
 *(.debug_pubnames)

.debug_info
 *(.debug_info .gnu.linkonce.wi.*)

.debug_abbrev
 *(.debug_abbrev)

.debug_line
 *(.debug_line)

.debug_frame
 *(.debug_frame)

.debug_str
 *(.debug_str)

.debug_loc
 *(.debug_loc)

.debug_macinfo
 *(.debug_macinfo)

.debug_weaknames
 *(.debug_weaknames)

.debug_funcnames
 *(.debug_funcnames)

.debug_typenames
 *(.debug_typenames)

.debug_varnames
 *(.debug_varnames)

.debug_pubtypes
 *(.debug_pubtypes)

.debug_ranges
 *(.debug_ranges)

.gnu.attributes
                0x0000000000000000       0x14
 *(.gnu.attributes)
 .gnu.attributes
                0x0000000000000000       0x10 Sensors_and_actuators_ball_and_plate_2022b.o07
 .gnu.attributes
                0x0000000000000010       0x10 rt_zcfcn.o07
 .gnu.attributes
                0x0000000000000020       0x10 rti_sim_engine.o07
 .gnu.attributes
                0x0000000000000030       0x10 rt_sim.o07
 .gnu.attributes
                0x0000000000000040       0x10 rti_assert.o07
 .gnu.attributes
                0x0000000000000050       0x14 C:\Program Files\dSPACE RCPHIL 2020-B\DS1202\Lib/libm_fastpow.a(w_pow.o)
 .gnu.attributes
                0x0000000000000064       0x14 C:\Program Files\dSPACE RCPHIL 2020-B\DS1202\Lib/libm_fastpow.a(e_pow.o)
 .gnu.attributes
                0x0000000000000078       0x14 C:\Program Files\dSPACE RCPHIL 2020-B\DS1202\Lib/libm_fastpow.a(s_scalbn.o)

/DISCARD/
 *(.note.GNU-stack)
 *(.gnu_debuglink)
OUTPUT(Sensors_and_actuators_ball_and_plate_2022b.ppc elf32-powerpc)
